#! /c/Source/iverilog-install/bin/vvp
:ivl_version "12.0 (devel)" "(s20150603-1539-g2693dd32b)";
:ivl_delay_selection "TYPICAL";
:vpi_time_precision - 12;
:vpi_module "C:\iverilog\lib\ivl\system.vpi";
:vpi_module "C:\iverilog\lib\ivl\vhdl_sys.vpi";
:vpi_module "C:\iverilog\lib\ivl\vhdl_textio.vpi";
:vpi_module "C:\iverilog\lib\ivl\v2005_math.vpi";
:vpi_module "C:\iverilog\lib\ivl\va_math.vpi";
:vpi_module "C:\iverilog\lib\ivl\v2009.vpi";
S_0000018b3da25180 .scope package, "$unit" "$unit" 2 1;
 .timescale 0 0;
S_0000018b3da1e740 .scope module, "cmt_tb" "cmt_tb" 3 4;
 .timescale -9 -12;
v0000018b3da94200_0 .net "ava_core_id", 5 0, L_0000018b3da331e0;  1 drivers
v0000018b3da94160_0 .net "ava_core_valid", 0 0, L_0000018b3da32f40;  1 drivers
v0000018b3da94340_0 .var "clk", 0 0;
v0000018b3da94660_0 .var "core_done_vec", 63 0;
v0000018b3da94020_0 .net "core_id_cmt_core", 5 0, v0000018b3da41990_0;  1 drivers
v0000018b3da940c0_0 .net "done_ack", 0 0, v0000018b3da1dc00_0;  1 drivers
v0000018b3da94a20_0 .net "err", 1 0, v0000018b3da1dca0_0;  1 drivers
v0000018b3da942a0_0 .var "rst_n", 0 0;
v0000018b3da94700_0 .net "task_done_pulse", 0 0, v0000018b3da93f80_0;  1 drivers
v0000018b3da94840_0 .var "task_id_tmt_cmt", 9 0;
v0000018b3da943e0_0 .net "terminated_tmt_idx", 3 0, v0000018b3da93bc0_0;  1 drivers
v0000018b3da945c0_0 .var "tmt_cmt_ack", 0 0;
v0000018b3da94980_0 .var "tmt_idx_tmt_cmt", 3 0;
E_0000018b3da220e0 .event posedge, v0000018b3da1d170_0;
S_0000018b3da1cf40 .scope module, "uut" "cmt" 3 24, 4 3 0, S_0000018b3da1e740;
 .timescale -9 -12;
    .port_info 0 /INPUT 1 "clk";
    .port_info 1 /INPUT 1 "rst_n";
    .port_info 2 /OUTPUT 1 "ava_core_valid";
    .port_info 3 /OUTPUT 6 "ava_core_id";
    .port_info 4 /INPUT 10 "task_id_tmt_cmt";
    .port_info 5 /INPUT 4 "tmt_idx_tmt_cmt";
    .port_info 6 /INPUT 1 "tmt_cmt_ack";
    .port_info 7 /OUTPUT 1 "task_done_pulse";
    .port_info 8 /OUTPUT 4 "terminated_tmt_idx";
    .port_info 9 /INPUT 64 "core_done_vec";
    .port_info 10 /OUTPUT 6 "core_id_cmt_core";
    .port_info 11 /OUTPUT 1 "done_ack";
    .port_info 12 /OUTPUT 2 "err";
L_0000018b3da32f40 .functor BUFZ 1, v0000018b3da93b20_0, C4<0>, C4<0>, C4<0>;
L_0000018b3da331e0 .functor BUFZ 6, v0000018b3da93ee0_0, C4<000000>, C4<000000>, C4<000000>;
v0000018b3d9d6970_0 .net "ava_core_id", 5 0, L_0000018b3da331e0;  alias, 1 drivers
v0000018b3da1d0d0_0 .net "ava_core_valid", 0 0, L_0000018b3da32f40;  alias, 1 drivers
v0000018b3da1d170_0 .net "clk", 0 0, v0000018b3da94340_0;  1 drivers
v0000018b3da41850_0 .var "core_busy", 63 0;
v0000018b3da418f0_0 .net "core_done_vec", 63 0, v0000018b3da94660_0;  1 drivers
v0000018b3da41990_0 .var "core_id_cmt_core", 5 0;
v0000018b3da41a30 .array "core_task_id", 63 0, 9 0;
v0000018b3da41ad0 .array "core_tmt_idx", 63 0, 3 0;
v0000018b3da1dc00_0 .var "done_ack", 0 0;
v0000018b3da1dca0_0 .var "err", 1 0;
v0000018b3da1dd40_0 .var/i "i", 31 0;
v0000018b3da93ee0_0 .var "idle_core_id_comb", 5 0;
v0000018b3da93b20_0 .var "idle_valid_comb", 0 0;
v0000018b3da94480_0 .var/i "j", 31 0;
v0000018b3da93e40_0 .var/i "k", 31 0;
v0000018b3da948e0_0 .net "rst_n", 0 0, v0000018b3da942a0_0;  1 drivers
v0000018b3da93f80_0 .var "task_done_pulse", 0 0;
v0000018b3da93c60_0 .net "task_id_tmt_cmt", 9 0, v0000018b3da94840_0;  1 drivers
v0000018b3da947a0_0 .var "term_core_id_comb", 5 0;
v0000018b3da94520_0 .var "term_valid_comb", 0 0;
v0000018b3da93bc0_0 .var "terminated_tmt_idx", 3 0;
v0000018b3da93d00_0 .net "tmt_cmt_ack", 0 0, v0000018b3da945c0_0;  1 drivers
v0000018b3da93da0_0 .net "tmt_idx_tmt_cmt", 3 0, v0000018b3da94980_0;  1 drivers
E_0000018b3da22720/0 .event negedge, v0000018b3da948e0_0;
E_0000018b3da22720/1 .event posedge, v0000018b3da1d170_0;
E_0000018b3da22720 .event/or E_0000018b3da22720/0, E_0000018b3da22720/1;
E_0000018b3da21960 .event anyedge, v0000018b3da418f0_0;
E_0000018b3da21a20 .event anyedge, v0000018b3da41850_0;
    .scope S_0000018b3da1cf40;
T_0 ;
    %wait E_0000018b3da21a20;
    %pushi/vec4 0, 0, 1;
    %store/vec4 v0000018b3da93b20_0, 0, 1;
    %pushi/vec4 0, 0, 6;
    %store/vec4 v0000018b3da93ee0_0, 0, 6;
    %pushi/vec4 63, 0, 32;
    %store/vec4 v0000018b3da1dd40_0, 0, 32;
T_0.0 ;
    %load/vec4 v0000018b3da1dd40_0;
    %cmpi/s 0, 0, 32;
    %flag_inv 5; GE is !LT
    %jmp/0xz T_0.1, 5;
    %load/vec4 v0000018b3da41850_0;
    %load/vec4 v0000018b3da1dd40_0;
    %part/s 1;
    %inv;
    %flag_set/vec4 8;
    %jmp/0xz  T_0.2, 8;
    %pushi/vec4 1, 0, 1;
    %store/vec4 v0000018b3da93b20_0, 0, 1;
    %load/vec4 v0000018b3da1dd40_0;
    %parti/s 6, 0, 2;
    %store/vec4 v0000018b3da93ee0_0, 0, 6;
T_0.2 ;
    %load/vec4 v0000018b3da1dd40_0;
    %subi 1, 0, 32;
    %store/vec4 v0000018b3da1dd40_0, 0, 32;
    %jmp T_0.0;
T_0.1 ;
    %jmp T_0;
    .thread T_0, $push;
    .scope S_0000018b3da1cf40;
T_1 ;
    %wait E_0000018b3da21960;
    %pushi/vec4 0, 0, 1;
    %store/vec4 v0000018b3da94520_0, 0, 1;
    %pushi/vec4 0, 0, 6;
    %store/vec4 v0000018b3da947a0_0, 0, 6;
    %pushi/vec4 63, 0, 32;
    %store/vec4 v0000018b3da94480_0, 0, 32;
T_1.0 ;
    %load/vec4 v0000018b3da94480_0;
    %cmpi/s 0, 0, 32;
    %flag_inv 5; GE is !LT
    %jmp/0xz T_1.1, 5;
    %load/vec4 v0000018b3da418f0_0;
    %load/vec4 v0000018b3da94480_0;
    %part/s 1;
    %flag_set/vec4 8;
    %jmp/0xz  T_1.2, 8;
    %pushi/vec4 1, 0, 1;
    %store/vec4 v0000018b3da94520_0, 0, 1;
    %load/vec4 v0000018b3da94480_0;
    %parti/s 6, 0, 2;
    %store/vec4 v0000018b3da947a0_0, 0, 6;
T_1.2 ;
    %load/vec4 v0000018b3da94480_0;
    %subi 1, 0, 32;
    %store/vec4 v0000018b3da94480_0, 0, 32;
    %jmp T_1.0;
T_1.1 ;
    %jmp T_1;
    .thread T_1, $push;
    .scope S_0000018b3da1cf40;
T_2 ;
    %wait E_0000018b3da22720;
    %load/vec4 v0000018b3da948e0_0;
    %nor/r;
    %flag_set/vec4 8;
    %jmp/0xz  T_2.0, 8;
    %pushi/vec4 0, 0, 64;
    %assign/vec4 v0000018b3da41850_0, 0;
    %pushi/vec4 0, 0, 1;
    %assign/vec4 v0000018b3da93f80_0, 0;
    %pushi/vec4 0, 0, 4;
    %assign/vec4 v0000018b3da93bc0_0, 0;
    %pushi/vec4 0, 0, 1;
    %assign/vec4 v0000018b3da1dc00_0, 0;
    %pushi/vec4 0, 0, 6;
    %assign/vec4 v0000018b3da41990_0, 0;
    %pushi/vec4 0, 0, 2;
    %assign/vec4 v0000018b3da1dca0_0, 0;
    %pushi/vec4 0, 0, 32;
    %store/vec4 v0000018b3da93e40_0, 0, 32;
T_2.2 ;
    %load/vec4 v0000018b3da93e40_0;
    %cmpi/s 64, 0, 32;
    %jmp/0xz T_2.3, 5;
    %pushi/vec4 0, 0, 4;
    %ix/getv/s 3, v0000018b3da93e40_0;
    %ix/load 4, 0, 0; Constant delay
    %assign/vec4/a/d v0000018b3da41ad0, 0, 4;
    %load/vec4 v0000018b3da93e40_0;
    %addi 1, 0, 32;
    %store/vec4 v0000018b3da93e40_0, 0, 32;
    %jmp T_2.2;
T_2.3 ;
    %jmp T_2.1;
T_2.0 ;
    %pushi/vec4 0, 0, 1;
    %assign/vec4 v0000018b3da93f80_0, 0;
    %pushi/vec4 0, 0, 1;
    %assign/vec4 v0000018b3da1dc00_0, 0;
    %pushi/vec4 0, 0, 2;
    %assign/vec4 v0000018b3da1dca0_0, 0;
    %load/vec4 v0000018b3da93d00_0;
    %flag_set/vec4 8;
    %jmp/0xz  T_2.4, 8;
    %pushi/vec4 1, 0, 1;
    %ix/load 5, 0, 0;
    %ix/getv 4, v0000018b3d9d6970_0;
    %assign/vec4/off/d v0000018b3da41850_0, 4, 5;
    %load/vec4 v0000018b3da93da0_0;
    %load/vec4 v0000018b3d9d6970_0;
    %pad/u 8;
    %ix/vec4 3;
    %ix/load 4, 0, 0; Constant delay
    %assign/vec4/a/d v0000018b3da41ad0, 0, 4;
    %load/vec4 v0000018b3da93c60_0;
    %load/vec4 v0000018b3da1d0d0_0;
    %pad/u 8;
    %ix/vec4 3;
    %ix/load 4, 0, 0; Constant delay
    %assign/vec4/a/d v0000018b3da41a30, 0, 4;
T_2.4 ;
    %load/vec4 v0000018b3da94520_0;
    %flag_set/vec4 8;
    %jmp/0xz  T_2.6, 8;
    %pushi/vec4 1, 0, 1;
    %assign/vec4 v0000018b3da93f80_0, 0;
    %load/vec4 v0000018b3da947a0_0;
    %pad/u 8;
    %ix/vec4 4;
    %load/vec4a v0000018b3da41ad0, 4;
    %assign/vec4 v0000018b3da93bc0_0, 0;
    %pushi/vec4 1, 0, 1;
    %assign/vec4 v0000018b3da1dc00_0, 0;
    %load/vec4 v0000018b3da947a0_0;
    %assign/vec4 v0000018b3da41990_0, 0;
    %pushi/vec4 0, 0, 1;
    %ix/load 5, 0, 0;
    %ix/getv 4, v0000018b3da947a0_0;
    %assign/vec4/off/d v0000018b3da41850_0, 4, 5;
    %load/vec4 v0000018b3da41850_0;
    %load/vec4 v0000018b3da947a0_0;
    %part/u 1;
    %nor/r;
    %flag_set/vec4 8;
    %jmp/0xz  T_2.8, 8;
    %pushi/vec4 2, 0, 2;
    %assign/vec4 v0000018b3da1dca0_0, 0;
T_2.8 ;
T_2.6 ;
T_2.1 ;
    %jmp T_2;
    .thread T_2;
    .scope S_0000018b3da1e740;
T_3 ;
    %pushi/vec4 0, 0, 1;
    %store/vec4 v0000018b3da94340_0, 0, 1;
T_3.0 ;
    %delay 2000, 0;
    %load/vec4 v0000018b3da94340_0;
    %inv;
    %store/vec4 v0000018b3da94340_0, 0, 1;
    %jmp T_3.0;
    %end;
    .thread T_3;
    .scope S_0000018b3da1e740;
T_4 ;
    %pushi/vec4 0, 0, 1;
    %store/vec4 v0000018b3da942a0_0, 0, 1;
    %pushi/vec4 0, 0, 10;
    %store/vec4 v0000018b3da94840_0, 0, 10;
    %pushi/vec4 0, 0, 4;
    %store/vec4 v0000018b3da94980_0, 0, 4;
    %pushi/vec4 0, 0, 1;
    %store/vec4 v0000018b3da945c0_0, 0, 1;
    %pushi/vec4 0, 0, 64;
    %store/vec4 v0000018b3da94660_0, 0, 64;
    %delay 10000, 0;
    %pushi/vec4 1, 0, 1;
    %store/vec4 v0000018b3da942a0_0, 0, 1;
    %delay 10000, 0;
    %vpi_call/w 3 59 "$display", "--- Start of CMT Test ---" {0 0 0};
    %vpi_call/w 3 64 "$display", "Testing Allocation..." {0 0 0};
    %load/vec4 v0000018b3da94160_0;
    %flag_set/vec4 9;
    %flag_get/vec4 9;
    %jmp/0 T_4.2, 9;
    %load/vec4 v0000018b3da94200_0;
    %pushi/vec4 0, 0, 6;
    %cmp/e;
    %flag_get/vec4 4;
    %and;
T_4.2;
    %flag_set/vec4 8;
    %jmp/0xz  T_4.0, 8;
    %vpi_call/w 3 66 "$display", "PASS: Found idle core 0." {0 0 0};
    %jmp T_4.1;
T_4.0 ;
    %vpi_call/w 3 67 "$display", "FAIL: Did not find idle core 0." {0 0 0};
T_4.1 ;
    %wait E_0000018b3da220e0;
    %pushi/vec4 57, 0, 10;
    %store/vec4 v0000018b3da94840_0, 0, 10;
    %pushi/vec4 5, 0, 4;
    %store/vec4 v0000018b3da94980_0, 0, 4;
    %pushi/vec4 1, 0, 1;
    %store/vec4 v0000018b3da945c0_0, 0, 1;
    %wait E_0000018b3da220e0;
    %pushi/vec4 0, 0, 1;
    %store/vec4 v0000018b3da945c0_0, 0, 1;
    %delay 1000, 0;
    %load/vec4 v0000018b3da94160_0;
    %flag_set/vec4 9;
    %flag_get/vec4 9;
    %jmp/0 T_4.5, 9;
    %load/vec4 v0000018b3da94200_0;
    %pushi/vec4 1, 0, 6;
    %cmp/e;
    %flag_get/vec4 4;
    %and;
T_4.5;
    %flag_set/vec4 8;
    %jmp/0xz  T_4.3, 8;
    %vpi_call/w 3 79 "$display", "PASS: Core 0 is busy, found next idle core 1." {0 0 0};
    %jmp T_4.4;
T_4.3 ;
    %vpi_call/w 3 80 "$display", "FAIL: Core 1 not found. Found %d instead.", v0000018b3da94200_0 {0 0 0};
T_4.4 ;
    %wait E_0000018b3da220e0;
    %pushi/vec4 58, 0, 10;
    %store/vec4 v0000018b3da94840_0, 0, 10;
    %pushi/vec4 9, 0, 4;
    %store/vec4 v0000018b3da94980_0, 0, 4;
    %pushi/vec4 1, 0, 1;
    %store/vec4 v0000018b3da945c0_0, 0, 1;
    %wait E_0000018b3da220e0;
    %pushi/vec4 0, 0, 1;
    %store/vec4 v0000018b3da945c0_0, 0, 1;
    %vpi_call/w 3 93 "$display", "Testing Termination and Arbitration..." {0 0 0};
    %wait E_0000018b3da220e0;
    %pushi/vec4 1, 0, 1;
    %ix/load 4, 0, 0;
    %flag_set/imm 4, 0;
    %store/vec4 v0000018b3da94660_0, 4, 1;
    %pushi/vec4 1, 0, 1;
    %ix/load 4, 1, 0;
    %flag_set/imm 4, 0;
    %store/vec4 v0000018b3da94660_0, 4, 1;
    %wait E_0000018b3da220e0;
    %delay 1000, 0;
    %load/vec4 v0000018b3da94700_0;
    %flag_set/vec4 11;
    %flag_get/vec4 11;
    %jmp/0 T_4.10, 11;
    %load/vec4 v0000018b3da943e0_0;
    %pushi/vec4 5, 0, 4;
    %cmp/e;
    %flag_get/vec4 4;
    %and;
T_4.10;
    %flag_set/vec4 10;
    %flag_get/vec4 10;
    %jmp/0 T_4.9, 10;
    %load/vec4 v0000018b3da940c0_0;
    %and;
T_4.9;
    %flag_set/vec4 9;
    %flag_get/vec4 9;
    %jmp/0 T_4.8, 9;
    %load/vec4 v0000018b3da94020_0;
    %pushi/vec4 0, 0, 6;
    %cmp/e;
    %flag_get/vec4 4;
    %and;
T_4.8;
    %flag_set/vec4 8;
    %jmp/0xz  T_4.6, 8;
    %vpi_call/w 3 104 "$display", "PASS: Core 0 termination processed correctly." {0 0 0};
    %pushi/vec4 0, 0, 1;
    %ix/load 4, 0, 0;
    %flag_set/imm 4, 0;
    %store/vec4 v0000018b3da94660_0, 4, 1;
    %jmp T_4.7;
T_4.6 ;
    %vpi_call/w 3 106 "$display", "FAIL: Core 0 not processed correctly." {0 0 0};
T_4.7 ;
    %wait E_0000018b3da220e0;
    %delay 1000, 0;
    %load/vec4 v0000018b3da94700_0;
    %flag_set/vec4 11;
    %flag_get/vec4 11;
    %jmp/0 T_4.15, 11;
    %load/vec4 v0000018b3da943e0_0;
    %pushi/vec4 9, 0, 4;
    %cmp/e;
    %flag_get/vec4 4;
    %and;
T_4.15;
    %flag_set/vec4 10;
    %flag_get/vec4 10;
    %jmp/0 T_4.14, 10;
    %load/vec4 v0000018b3da940c0_0;
    %and;
T_4.14;
    %flag_set/vec4 9;
    %flag_get/vec4 9;
    %jmp/0 T_4.13, 9;
    %load/vec4 v0000018b3da94020_0;
    %pushi/vec4 1, 0, 6;
    %cmp/e;
    %flag_get/vec4 4;
    %and;
T_4.13;
    %flag_set/vec4 8;
    %jmp/0xz  T_4.11, 8;
    %vpi_call/w 3 112 "$display", "PASS: Core 1 termination processed correctly (Arbitration successful)." {0 0 0};
    %pushi/vec4 0, 0, 1;
    %ix/load 4, 1, 0;
    %flag_set/imm 4, 0;
    %store/vec4 v0000018b3da94660_0, 4, 1;
    %jmp T_4.12;
T_4.11 ;
    %vpi_call/w 3 114 "$display", "FAIL: Core 1 not processed correctly." {0 0 0};
T_4.12 ;
    %vpi_call/w 3 119 "$display", "Testing Invalid Termination Error..." {0 0 0};
    %wait E_0000018b3da220e0;
    %pushi/vec4 1, 0, 1;
    %ix/load 4, 5, 0;
    %flag_set/imm 4, 0;
    %store/vec4 v0000018b3da94660_0, 4, 1;
    %wait E_0000018b3da220e0;
    %delay 1000, 0;
    %load/vec4 v0000018b3da94a20_0;
    %cmpi/e 2, 0, 2;
    %jmp/0xz  T_4.16, 4;
    %vpi_call/w 3 125 "$display", "PASS: Caught invalid termination on core 5." {0 0 0};
    %jmp T_4.17;
T_4.16 ;
    %vpi_call/w 3 126 "$display", "FAIL: Did not catch invalid termination. Err = %b", v0000018b3da94a20_0 {0 0 0};
T_4.17 ;
    %pushi/vec4 0, 0, 1;
    %ix/load 4, 5, 0;
    %flag_set/imm 4, 0;
    %store/vec4 v0000018b3da94660_0, 4, 1;
    %vpi_call/w 3 130 "$display", "--- End of CMT Test ---" {0 0 0};
    %vpi_call/w 3 131 "$finish" {0 0 0};
    %end;
    .thread T_4;
# The file index is used to find the file name in the following table.
:file_names 5;
    "N/A";
    "<interactive>";
    "-";
    "cmt_tb.sv";
    "./../src/modules/cmt.v";
