#! /c/Source/iverilog-install/bin/vvp
:ivl_version "12.0 (devel)" "(s20150603-1539-g2693dd32b)";
:ivl_delay_selection "TYPICAL";
:vpi_time_precision - 12;
:vpi_module "C:\iverilog\lib\ivl\system.vpi";
:vpi_module "C:\iverilog\lib\ivl\vhdl_sys.vpi";
:vpi_module "C:\iverilog\lib\ivl\vhdl_textio.vpi";
:vpi_module "C:\iverilog\lib\ivl\v2005_math.vpi";
:vpi_module "C:\iverilog\lib\ivl\va_math.vpi";
:vpi_module "C:\iverilog\lib\ivl\v2009.vpi";
S_000001de255ec6f0 .scope package, "$unit" "$unit" 2 1;
 .timescale 0 0;
S_000001de255ec9b0 .scope module, "fifo_tb" "fifo_tb" 3 4;
 .timescale -9 -12;
P_000001de255a8560 .param/l "FIFO_DEPTH" 0 3 7, +C4<00000000000000000000000010000000>;
P_000001de255a8598 .param/l "FIFO_WIDTH" 0 3 8, +C4<00000000000000000000000001000000>;
v000001de2560a350_0 .var "cfg_data", 63 0;
v000001de2560a490_0 .var "cfg_en", 0 0;
v000001de2560a3f0_0 .var "clk", 0 0;
v000001de2560a2b0_0 .net "empty", 0 0, L_000001de2565f090;  1 drivers
v000001de25609e50_0 .net "fifo_tmt_data", 63 0, v000001de256099f0_0;  1 drivers
v000001de2560a530_0 .net "full", 0 0, L_000001de2565e410;  1 drivers
v000001de25609ef0_0 .var/i "i", 31 0;
v000001de2560a850_0 .var "rst_n", 0 0;
v000001de2565eb90_0 .var "tmt_fifo_ack", 0 0;
E_000001de255ee4a0 .event posedge, v000001de25609b30_0;
S_000001de255edaf0 .scope module, "uut" "fifo" 3 26, 4 1 0, S_000001de255ec9b0;
 .timescale -9 -12;
    .port_info 0 /INPUT 1 "clk";
    .port_info 1 /INPUT 1 "rst_n";
    .port_info 2 /INPUT 1 "cfg_en";
    .port_info 3 /INPUT 64 "cfg_data";
    .port_info 4 /OUTPUT 1 "full";
    .port_info 5 /INPUT 1 "tmt_fifo_ack";
    .port_info 6 /OUTPUT 1 "empty";
    .port_info 7 /OUTPUT 64 "fifo_tmt_data";
P_000001de255ef4f0 .param/l "FIFO_DEPTH" 0 4 2, +C4<00000000000000000000000010000000>;
P_000001de255ef528 .param/l "FIFO_WIDTH" 0 4 3, +C4<00000000000000000000000001000000>;
P_000001de255ef560 .param/l "PTR_WIDTH" 1 4 20, +C4<00000000000000000000000000000111>;
L_000001de255e90c0 .functor NOT 2, L_000001de2565e0f0, C4<00>, C4<00>, C4<00>;
v000001de25609bd0 .array "FIFO_mem_array", 127 0, 63 0;
v000001de25609f90_0 .net *"_ivl_3", 1 0, L_000001de2565e0f0;  1 drivers
v000001de2560a030_0 .net *"_ivl_4", 1 0, L_000001de255e90c0;  1 drivers
v000001de2560a5d0_0 .net *"_ivl_7", 5 0, L_000001de2565d6f0;  1 drivers
v000001de25609db0_0 .net *"_ivl_8", 7 0, L_000001de2565e370;  1 drivers
v000001de2560a0d0_0 .net "cfg_data", 63 0, v000001de2560a350_0;  1 drivers
v000001de2560a170_0 .net "cfg_en", 0 0, v000001de2560a490_0;  1 drivers
v000001de25609b30_0 .net "clk", 0 0, v000001de2560a3f0_0;  1 drivers
v000001de2560a670_0 .net "empty", 0 0, L_000001de2565f090;  alias, 1 drivers
v000001de256099f0_0 .var "fifo_tmt_data", 63 0;
v000001de2560a210_0 .net "full", 0 0, L_000001de2565e410;  alias, 1 drivers
v000001de25609a90_0 .var "rd_ptr_bin", 7 0;
v000001de25609c70_0 .var "rd_ptr_gray", 7 0;
v000001de25609950_0 .net "rst_n", 0 0, v000001de2560a850_0;  1 drivers
v000001de25609d10_0 .net "tmt_fifo_ack", 0 0, v000001de2565eb90_0;  1 drivers
v000001de2560a710_0 .var "wr_ptr_bin", 7 0;
v000001de2560a7b0_0 .var "wr_ptr_gray", 7 0;
E_000001de255eec20/0 .event negedge, v000001de25609950_0;
E_000001de255eec20/1 .event posedge, v000001de25609b30_0;
E_000001de255eec20 .event/or E_000001de255eec20/0, E_000001de255eec20/1;
L_000001de2565f090 .cmp/eq 8, v000001de2560a7b0_0, v000001de25609c70_0;
L_000001de2565e0f0 .part v000001de25609c70_0, 6, 2;
L_000001de2565d6f0 .part v000001de25609c70_0, 0, 6;
L_000001de2565e370 .concat [ 6 2 0 0], L_000001de2565d6f0, L_000001de255e90c0;
L_000001de2565e410 .cmp/eq 8, v000001de2560a7b0_0, L_000001de2565e370;
    .scope S_000001de255edaf0;
T_0 ;
    %pushi/vec4 0, 0, 8;
    %store/vec4 v000001de2560a710_0, 0, 8;
    %pushi/vec4 0, 0, 8;
    %store/vec4 v000001de25609a90_0, 0, 8;
    %pushi/vec4 0, 0, 8;
    %store/vec4 v000001de2560a7b0_0, 0, 8;
    %pushi/vec4 0, 0, 8;
    %store/vec4 v000001de25609c70_0, 0, 8;
    %end;
    .thread T_0, $init;
    .scope S_000001de255edaf0;
T_1 ;
    %wait E_000001de255eec20;
    %load/vec4 v000001de25609950_0;
    %nor/r;
    %flag_set/vec4 8;
    %jmp/0xz  T_1.0, 8;
    %pushi/vec4 0, 0, 8;
    %assign/vec4 v000001de2560a710_0, 0;
    %pushi/vec4 0, 0, 8;
    %assign/vec4 v000001de2560a7b0_0, 0;
    %jmp T_1.1;
T_1.0 ;
    %load/vec4 v000001de2560a170_0;
    %flag_set/vec4 9;
    %flag_get/vec4 9;
    %jmp/0 T_1.4, 9;
    %load/vec4 v000001de2560a210_0;
    %nor/r;
    %and;
T_1.4;
    %flag_set/vec4 8;
    %jmp/0xz  T_1.2, 8;
    %load/vec4 v000001de2560a0d0_0;
    %load/vec4 v000001de2560a710_0;
    %parti/s 7, 0, 2;
    %pad/u 9;
    %ix/vec4 3;
    %ix/load 4, 0, 0; Constant delay
    %assign/vec4/a/d v000001de25609bd0, 0, 4;
    %load/vec4 v000001de2560a710_0;
    %addi 1, 0, 8;
    %assign/vec4 v000001de2560a710_0, 0;
    %load/vec4 v000001de2560a710_0;
    %pad/u 32;
    %addi 1, 0, 32;
    %load/vec4 v000001de2560a710_0;
    %pad/u 32;
    %addi 1, 0, 32;
    %ix/load 4, 1, 0;
    %flag_set/imm 4, 0;
    %shiftr 4;
    %xor;
    %pad/u 8;
    %assign/vec4 v000001de2560a7b0_0, 0;
T_1.2 ;
T_1.1 ;
    %jmp T_1;
    .thread T_1;
    .scope S_000001de255edaf0;
T_2 ;
    %wait E_000001de255eec20;
    %load/vec4 v000001de25609950_0;
    %nor/r;
    %flag_set/vec4 8;
    %jmp/0xz  T_2.0, 8;
    %pushi/vec4 0, 0, 8;
    %assign/vec4 v000001de25609a90_0, 0;
    %pushi/vec4 0, 0, 8;
    %assign/vec4 v000001de25609c70_0, 0;
    %pushi/vec4 0, 0, 64;
    %assign/vec4 v000001de256099f0_0, 0;
    %jmp T_2.1;
T_2.0 ;
    %load/vec4 v000001de25609d10_0;
    %flag_set/vec4 9;
    %flag_get/vec4 9;
    %jmp/0 T_2.4, 9;
    %load/vec4 v000001de2560a670_0;
    %nor/r;
    %and;
T_2.4;
    %flag_set/vec4 8;
    %jmp/0xz  T_2.2, 8;
    %load/vec4 v000001de25609a90_0;
    %parti/s 7, 0, 2;
    %pad/u 9;
    %ix/vec4 4;
    %load/vec4a v000001de25609bd0, 4;
    %assign/vec4 v000001de256099f0_0, 0;
    %load/vec4 v000001de25609a90_0;
    %addi 1, 0, 8;
    %assign/vec4 v000001de25609a90_0, 0;
    %load/vec4 v000001de25609a90_0;
    %pad/u 32;
    %addi 1, 0, 32;
    %load/vec4 v000001de25609a90_0;
    %pad/u 32;
    %addi 1, 0, 32;
    %ix/load 4, 1, 0;
    %flag_set/imm 4, 0;
    %shiftr 4;
    %xor;
    %pad/u 8;
    %assign/vec4 v000001de25609c70_0, 0;
T_2.2 ;
T_2.1 ;
    %jmp T_2;
    .thread T_2;
    .scope S_000001de255ec9b0;
T_3 ;
    %pushi/vec4 0, 0, 1;
    %store/vec4 v000001de2560a3f0_0, 0, 1;
T_3.0 ;
    %delay 2000, 0;
    %load/vec4 v000001de2560a3f0_0;
    %inv;
    %store/vec4 v000001de2560a3f0_0, 0, 1;
    %jmp T_3.0;
    %end;
    .thread T_3;
    .scope S_000001de255ec9b0;
T_4 ;
    %pushi/vec4 0, 0, 1;
    %store/vec4 v000001de2560a850_0, 0, 1;
    %pushi/vec4 0, 0, 1;
    %store/vec4 v000001de2560a490_0, 0, 1;
    %pushi/vec4 0, 0, 64;
    %store/vec4 v000001de2560a350_0, 0, 64;
    %pushi/vec4 0, 0, 1;
    %store/vec4 v000001de2565eb90_0, 0, 1;
    %delay 10000, 0;
    %pushi/vec4 1, 0, 1;
    %store/vec4 v000001de2560a850_0, 0, 1;
    %delay 10000, 0;
    %vpi_call/w 3 58 "$display", "--- Start of FIFO Test ---" {0 0 0};
    %vpi_call/w 3 61 "$display", "Writing first task..." {0 0 0};
    %wait E_000001de255ee4a0;
    %pushi/vec4 2863315899, 0, 32;
    %concati/vec4 3435978205, 0, 32;
    %store/vec4 v000001de2560a350_0, 0, 64;
    %pushi/vec4 1, 0, 1;
    %store/vec4 v000001de2560a490_0, 0, 1;
    %wait E_000001de255ee4a0;
    %pushi/vec4 0, 0, 1;
    %store/vec4 v000001de2560a490_0, 0, 1;
    %delay 1000, 0;
    %load/vec4 v000001de2560a2b0_0;
    %pad/u 32;
    %cmpi/e 0, 0, 32;
    %jmp/0xz  T_4.0, 4;
    %vpi_call/w 3 70 "$display", "PASS: FIFO is not empty after write." {0 0 0};
    %jmp T_4.1;
T_4.0 ;
    %vpi_call/w 3 71 "$display", "FAIL: FIFO is still empty." {0 0 0};
T_4.1 ;
    %vpi_call/w 3 74 "$display", "Reading first task..." {0 0 0};
    %wait E_000001de255ee4a0;
    %pushi/vec4 1, 0, 1;
    %store/vec4 v000001de2565eb90_0, 0, 1;
    %wait E_000001de255ee4a0;
    %pushi/vec4 0, 0, 1;
    %store/vec4 v000001de2565eb90_0, 0, 1;
    %delay 1000, 0;
    %load/vec4 v000001de25609e50_0;
    %pushi/vec4 2863315899, 0, 32;
    %concati/vec4 3435978205, 0, 32;
    %cmp/e;
    %jmp/0xz  T_4.2, 4;
    %vpi_call/w 3 82 "$display", "PASS: Data matched." {0 0 0};
    %jmp T_4.3;
T_4.2 ;
    %vpi_call/w 3 83 "$display", "FAIL: Data mismatch! Got %h", v000001de25609e50_0 {0 0 0};
T_4.3 ;
    %load/vec4 v000001de2560a2b0_0;
    %pad/u 32;
    %cmpi/e 1, 0, 32;
    %jmp/0xz  T_4.4, 4;
    %vpi_call/w 3 85 "$display", "PASS: FIFO is empty after read." {0 0 0};
    %jmp T_4.5;
T_4.4 ;
    %vpi_call/w 3 86 "$display", "FAIL: FIFO is not empty." {0 0 0};
T_4.5 ;
    %vpi_call/w 3 89 "$display", "Filling up the FIFO..." {0 0 0};
    %wait E_000001de255ee4a0;
    %pushi/vec4 0, 0, 32;
    %store/vec4 v000001de25609ef0_0, 0, 32;
T_4.6 ;
    %load/vec4 v000001de25609ef0_0;
    %cmpi/s 128, 0, 32;
    %jmp/0xz T_4.7, 5;
    %load/vec4 v000001de25609ef0_0;
    %pad/s 64;
    %store/vec4 v000001de2560a350_0, 0, 64;
    %pushi/vec4 1, 0, 1;
    %store/vec4 v000001de2560a490_0, 0, 1;
    %wait E_000001de255ee4a0;
    %load/vec4 v000001de25609ef0_0;
    %addi 1, 0, 32;
    %store/vec4 v000001de25609ef0_0, 0, 32;
    %jmp T_4.6;
T_4.7 ;
    %pushi/vec4 0, 0, 1;
    %store/vec4 v000001de2560a490_0, 0, 1;
    %delay 1000, 0;
    %load/vec4 v000001de2560a530_0;
    %pad/u 32;
    %cmpi/e 1, 0, 32;
    %jmp/0xz  T_4.8, 4;
    %vpi_call/w 3 100 "$display", "PASS: FIFO 'full' flag is high." {0 0 0};
    %jmp T_4.9;
T_4.8 ;
    %vpi_call/w 3 101 "$display", "FAIL: FIFO 'full' flag is low." {0 0 0};
T_4.9 ;
    %wait E_000001de255ee4a0;
    %pushi/vec4 4294967295, 0, 64;
    %store/vec4 v000001de2560a350_0, 0, 64;
    %pushi/vec4 1, 0, 1;
    %store/vec4 v000001de2560a490_0, 0, 1;
    %wait E_000001de255ee4a0;
    %pushi/vec4 0, 0, 1;
    %store/vec4 v000001de2560a490_0, 0, 1;
    %vpi_call/w 3 111 "$display", "Emptying the FIFO..." {0 0 0};
    %wait E_000001de255ee4a0;
    %pushi/vec4 0, 0, 32;
    %store/vec4 v000001de25609ef0_0, 0, 32;
T_4.10 ;
    %load/vec4 v000001de25609ef0_0;
    %cmpi/s 128, 0, 32;
    %jmp/0xz T_4.11, 5;
    %pushi/vec4 1, 0, 1;
    %store/vec4 v000001de2565eb90_0, 0, 1;
    %wait E_000001de255ee4a0;
    %load/vec4 v000001de25609e50_0;
    %load/vec4 v000001de25609ef0_0;
    %pad/u 64;
    %cmp/ne;
    %jmp/0xz  T_4.12, 6;
    %vpi_call/w 3 116 "$display", "FAIL at index %d: Got %h", v000001de25609ef0_0, v000001de25609e50_0 {0 0 0};
T_4.12 ;
    %load/vec4 v000001de25609ef0_0;
    %addi 1, 0, 32;
    %store/vec4 v000001de25609ef0_0, 0, 32;
    %jmp T_4.10;
T_4.11 ;
    %pushi/vec4 0, 0, 1;
    %store/vec4 v000001de2565eb90_0, 0, 1;
    %delay 1000, 0;
    %load/vec4 v000001de2560a2b0_0;
    %pad/u 32;
    %cmpi/e 1, 0, 32;
    %jmp/0xz  T_4.14, 4;
    %vpi_call/w 3 122 "$display", "PASS: FIFO correctly emptied." {0 0 0};
    %jmp T_4.15;
T_4.14 ;
    %vpi_call/w 3 123 "$display", "FAIL: FIFO not empty after full read." {0 0 0};
T_4.15 ;
    %vpi_call/w 3 125 "$display", "--- End of FIFO Test ---" {0 0 0};
    %vpi_call/w 3 126 "$finish" {0 0 0};
    %end;
    .thread T_4;
# The file index is used to find the file name in the following table.
:file_names 5;
    "N/A";
    "<interactive>";
    "-";
    "fifo_tb.sv";
    "./../src/modules/fifo.v";
