#! /c/Source/iverilog-install/bin/vvp
:ivl_version "12.0 (devel)" "(s20150603-1539-g2693dd32b)";
:ivl_delay_selection "TYPICAL";
:vpi_time_precision - 12;
:vpi_module "C:\iverilog\lib\ivl\system.vpi";
:vpi_module "C:\iverilog\lib\ivl\vhdl_sys.vpi";
:vpi_module "C:\iverilog\lib\ivl\vhdl_textio.vpi";
:vpi_module "C:\iverilog\lib\ivl\v2005_math.vpi";
:vpi_module "C:\iverilog\lib\ivl\va_math.vpi";
:vpi_module "C:\iverilog\lib\ivl\v2009.vpi";
S_000001fc220bd580 .scope package, "$unit" "$unit" 2 1;
 .timescale 0 0;
S_000001fc221105f0 .scope module, "cmt_tb" "cmt_tb" 3 4;
 .timescale -9 -12;
v000001fc22169fe0_0 .net "ava_core_id", 5 0, L_000001fc220f28c0;  1 drivers
v000001fc221686e0_0 .net "ava_core_valid", 0 0, L_000001fc220f3650;  1 drivers
v000001fc22169680_0 .var "clk", 0 0;
v000001fc22169900_0 .var "core_done_vec", 63 0;
v000001fc221681e0_0 .net "core_id_cmt_core", 5 0, v000001fc22169220_0;  1 drivers
v000001fc22168820_0 .net "done_ack", 0 0, v000001fc221695e0_0;  1 drivers
v000001fc221690e0_0 .net "err", 1 0, v000001fc22169cc0_0;  1 drivers
v000001fc22168780_0 .var/2s "error_count", 31 0;
v000001fc22169e00 .array/2s "expected_tmt_idx_per_core", 0 63, 31 0;
v000001fc22169ea0_0 .var "instance_num_tmt_cmt", 9 0;
v000001fc22168c80_0 .var/2s "pass_count", 31 0;
v000001fc22169720_0 .var "rst_n", 0 0;
v000001fc221688c0_0 .net "task_done_pulse", 0 0, v000001fc22169360_0;  1 drivers
v000001fc22168b40_0 .var "task_id_tmt_cmt", 9 0;
v000001fc22168fa0_0 .net "terminated_tmt_idx", 3 0, v000001fc221694a0_0;  1 drivers
v000001fc22169860_0 .var "tmt_cmt_ack", 0 0;
v000001fc22168aa0_0 .var "tmt_idx_tmt_cmt", 3 0;
S_000001fc220c4ab0 .scope begin, "$unm_blk_16" "$unm_blk_16" 3 115, 3 115 0, S_000001fc221105f0;
 .timescale -9 -12;
v000001fc220f9550_0 .var "core_a", 5 0;
v000001fc220f9f50_0 .var "core_b", 5 0;
v000001fc220f9410_0 .var "core_c", 5 0;
E_000001fc22109b70 .event posedge, v000001fc221692c0_0;
S_000001fc2210f770 .scope begin, "$ivl_for_loop0" "$ivl_for_loop0" 3 173, 3 173 0, S_000001fc220c4ab0;
 .timescale -9 -12;
v000001fc220f9c30_0 .var/2s "i", 31 0;
S_000001fc22112420 .scope begin, "$unm_blk_17" "$unm_blk_17" 3 173, 3 173 0, S_000001fc2210f770;
 .timescale -9 -12;
v000001fc220f9eb0_0 .var "temp_core", 5 0;
S_000001fc220fe850 .scope task, "allocate_task" "allocate_task" 3 79, 3 79 0, S_000001fc221105f0;
 .timescale -9 -12;
v000001fc220f95f0_0 .var "allocated_core", 5 0;
v000001fc220f9e10_0 .var "inst_num", 9 0;
v000001fc220f9d70_0 .var "t_id", 9 0;
v000001fc220f9230_0 .var "t_idx", 3 0;
TD_cmt_tb.allocate_task ;
    %wait E_000001fc22109b70;
    %delay 1000, 0;
    %load/vec4 v000001fc221686e0_0;
    %nor/r;
    %flag_set/vec4 8;
    %jmp/0xz  T_0.0, 8;
    %vpi_call/w 3 83 "$display", "\033[0;31m[FAIL]\033[0m Attempted to allocate but no core is valid!" {0 0 0};
    ; show_stmt_assign_vector: Get l-value for compressed += operand
    %load/vec4 v000001fc22168780_0;
    %pushi/vec4 1, 0, 32;
    %add;
    %cast2;
    %store/vec4 v000001fc22168780_0, 0, 32;
    %jmp T_0.1;
T_0.0 ;
    %load/vec4 v000001fc22169fe0_0;
    %store/vec4 v000001fc220f95f0_0, 0, 6;
    %load/vec4 v000001fc220f9230_0;
    %pad/u 32;
    %cast2;
    %load/vec4 v000001fc220f95f0_0;
    %pad/u 8;
    %ix/vec4 4;
    %store/vec4a v000001fc22169e00, 4, 0;
    %load/vec4 v000001fc220f9d70_0;
    %store/vec4 v000001fc22168b40_0, 0, 10;
    %load/vec4 v000001fc220f9230_0;
    %store/vec4 v000001fc22168aa0_0, 0, 4;
    %load/vec4 v000001fc220f9e10_0;
    %store/vec4 v000001fc22169ea0_0, 0, 10;
    %pushi/vec4 1, 0, 1;
    %store/vec4 v000001fc22169860_0, 0, 1;
    %wait E_000001fc22109b70;
    %delay 1000, 0;
    %pushi/vec4 0, 0, 1;
    %store/vec4 v000001fc22169860_0, 0, 1;
T_0.1 ;
    %end;
S_000001fc220fe9e0 .scope task, "assert_eq" "assert_eq" 3 70, 3 70 0, S_000001fc221105f0;
 .timescale -9 -12;
v000001fc220f9910_0 .var/2s "actual", 31 0;
v000001fc220f94b0_0 .var/2s "expected", 31 0;
v000001fc220f9050_0 .var/str "msg";
TD_cmt_tb.assert_eq ;
    %load/vec4 v000001fc220f9910_0;
    %load/vec4 v000001fc220f94b0_0;
    %cmp/ne;
    %jmp/0xz  T_1.2, 6;
    %vpi_call/w 3 72 "$display", "\033[0;31m[FAIL]\033[0m %s | Expected: %0h, Actual: %0h", v000001fc220f9050_0, v000001fc220f94b0_0, v000001fc220f9910_0 {0 0 0};
    ; show_stmt_assign_vector: Get l-value for compressed += operand
    %load/vec4 v000001fc22168780_0;
    %pushi/vec4 1, 0, 32;
    %add;
    %cast2;
    %store/vec4 v000001fc22168780_0, 0, 32;
    %jmp T_1.3;
T_1.2 ;
    ; show_stmt_assign_vector: Get l-value for compressed += operand
    %load/vec4 v000001fc22168c80_0;
    %pushi/vec4 1, 0, 32;
    %add;
    %cast2;
    %store/vec4 v000001fc22168c80_0, 0, 32;
T_1.3 ;
    %end;
S_000001fc221133a0 .scope task, "core_terminate" "core_terminate" 3 101, 3 101 0, S_000001fc221105f0;
 .timescale -9 -12;
v000001fc220f90f0_0 .var "core_id", 5 0;
E_000001fc22109a30 .event anyedge, v000001fc221695e0_0, v000001fc22169220_0, v000001fc220f90f0_0;
TD_cmt_tb.core_terminate ;
    %wait E_000001fc22109b70;
    %delay 1000, 0;
    %pushi/vec4 1, 0, 1;
    %ix/getv 4, v000001fc220f90f0_0;
    %store/vec4 v000001fc22169900_0, 4, 1;
T_2.4 ;
    %load/vec4 v000001fc22168820_0;
    %cmpi/e 1, 0, 1;
    %flag_get/vec4 4;
    %jmp/0 T_2.6, 4;
    %load/vec4 v000001fc221681e0_0;
    %load/vec4 v000001fc220f90f0_0;
    %cmp/e;
    %flag_get/vec4 4;
    %and;
T_2.6;
    %cmpi/ne 1, 0, 1;
    %jmp/0xz T_2.5, 6;
    %wait E_000001fc22109a30;
    %jmp T_2.4;
T_2.5 ;
    %load/vec4 v000001fc221688c0_0;
    %pad/u 32;
    %cast2;
    %store/vec4 v000001fc220f9910_0, 0, 32;
    %pushi/vec4 1, 0, 32;
    %store/vec4 v000001fc220f94b0_0, 0, 32;
    %vpi_func/s 3 108 "$sformatf", "Core %0d: task_done_pulse must be 1", v000001fc220f90f0_0 {0 0 0};
    %store/str v000001fc220f9050_0;
    %fork TD_cmt_tb.assert_eq, S_000001fc220fe9e0;
    %join;
    %load/vec4 v000001fc22168fa0_0;
    %pad/u 32;
    %cast2;
    %store/vec4 v000001fc220f9910_0, 0, 32;
    %load/vec4 v000001fc220f90f0_0;
    %pad/u 8;
    %ix/vec4 4;
    %load/vec4a v000001fc22169e00, 4;
    %store/vec4 v000001fc220f94b0_0, 0, 32;
    %vpi_func/s 3 109 "$sformatf", "Core %0d: Incorrect TMT idx reported", v000001fc220f90f0_0 {0 0 0};
    %store/str v000001fc220f9050_0;
    %fork TD_cmt_tb.assert_eq, S_000001fc220fe9e0;
    %join;
    %pushi/vec4 0, 0, 1;
    %ix/getv 4, v000001fc220f90f0_0;
    %store/vec4 v000001fc22169900_0, 4, 1;
    %end;
S_000001fc22113530 .scope task, "reset_system" "reset_system" 3 57, 3 57 0, S_000001fc221105f0;
 .timescale -9 -12;
TD_cmt_tb.reset_system ;
    %pushi/vec4 0, 0, 1;
    %store/vec4 v000001fc22169720_0, 0, 1;
    %pushi/vec4 0, 0, 10;
    %store/vec4 v000001fc22168b40_0, 0, 10;
    %pushi/vec4 0, 0, 4;
    %store/vec4 v000001fc22168aa0_0, 0, 4;
    %pushi/vec4 0, 0, 10;
    %store/vec4 v000001fc22169ea0_0, 0, 10;
    %pushi/vec4 0, 0, 1;
    %store/vec4 v000001fc22169860_0, 0, 1;
    %pushi/vec4 0, 0, 64;
    %store/vec4 v000001fc22169900_0, 0, 64;
    %wait E_000001fc22109b70;
    %wait E_000001fc22109b70;
    %pushi/vec4 1, 0, 1;
    %store/vec4 v000001fc22169720_0, 0, 1;
    %wait E_000001fc22109b70;
    %end;
S_000001fc220d3a70 .scope module, "uut" "cmt" 3 25, 4 3 0, S_000001fc221105f0;
 .timescale -9 -12;
    .port_info 0 /INPUT 1 "i_clk";
    .port_info 1 /INPUT 1 "i_rst_n";
    .port_info 2 /OUTPUT 1 "o_ava_core_valid";
    .port_info 3 /OUTPUT 6 "o_ava_core_id";
    .port_info 4 /INPUT 10 "i_task_id_tmt_cmt";
    .port_info 5 /INPUT 4 "i_tmt_idx_tmt_cmt";
    .port_info 6 /INPUT 10 "i_instance_num_tmt_cmt";
    .port_info 7 /INPUT 1 "i_tmt_cmt_ack";
    .port_info 8 /OUTPUT 1 "o_task_done_pulse";
    .port_info 9 /OUTPUT 4 "o_terminated_tmt_idx";
    .port_info 10 /INPUT 64 "i_core_done_vec";
    .port_info 11 /OUTPUT 6 "o_core_id_cmt_core";
    .port_info 12 /OUTPUT 1 "o_done_ack";
    .port_info 13 /OUTPUT 2 "o_err";
L_000001fc220f2b60 .functor NOT 64, v000001fc220f9cd0_0, C4<0000000000000000000000000000000000000000000000000000000000000000>, C4<0000000000000000000000000000000000000000000000000000000000000000>, C4<0000000000000000000000000000000000000000000000000000000000000000>;
L_000001fc220f2e00 .functor NOT 64, L_000001fc220f2b60, C4<0000000000000000000000000000000000000000000000000000000000000000>, C4<0000000000000000000000000000000000000000000000000000000000000000>, C4<0000000000000000000000000000000000000000000000000000000000000000>;
L_000001fc220f2bd0 .functor AND 64, L_000001fc220f2b60, L_000001fc22168280, C4<1111111111111111111111111111111111111111111111111111111111111111>, C4<1111111111111111111111111111111111111111111111111111111111111111>;
L_000001fc220f3650 .functor BUFZ 1, v000001fc22168140_0, C4<0>, C4<0>, C4<0>;
L_000001fc220f28c0 .functor BUFZ 6, v000001fc22169a40_0, C4<000000>, C4<000000>, C4<000000>;
L_000001fc220f2ee0 .functor NOT 64, v000001fc22169900_0, C4<0000000000000000000000000000000000000000000000000000000000000000>, C4<0000000000000000000000000000000000000000000000000000000000000000>, C4<0000000000000000000000000000000000000000000000000000000000000000>;
L_000001fc220f3260 .functor AND 64, v000001fc22169900_0, L_000001fc22169040, C4<1111111111111111111111111111111111111111111111111111111111111111>, C4<1111111111111111111111111111111111111111111111111111111111111111>;
v000001fc220f99b0_0 .net *"_ivl_14", 63 0, L_000001fc220f2ee0;  1 drivers
L_000001fc221800d0 .functor BUFT 1, C4<0000000000000000000000000000000000000000000000000000000000000001>, C4<0>, C4<0>, C4<0>;
v000001fc220f9190_0 .net/2u *"_ivl_16", 63 0, L_000001fc221800d0;  1 drivers
v000001fc220f92d0_0 .net *"_ivl_18", 63 0, L_000001fc22169040;  1 drivers
v000001fc220f97d0_0 .net *"_ivl_2", 63 0, L_000001fc220f2e00;  1 drivers
L_000001fc22180088 .functor BUFT 1, C4<0000000000000000000000000000000000000000000000000000000000000001>, C4<0>, C4<0>, C4<0>;
v000001fc220f9af0_0 .net/2u *"_ivl_4", 63 0, L_000001fc22180088;  1 drivers
v000001fc220f9b90_0 .net *"_ivl_6", 63 0, L_000001fc22168280;  1 drivers
v000001fc220f9cd0_0 .var "core_busy", 63 0;
v000001fc220f9370_0 .net "core_idle", 63 0, L_000001fc220f2b60;  1 drivers
v000001fc220f9730 .array "core_instance_number", 63 0, 9 0;
v000001fc220f9690 .array "core_task_id", 63 0, 9 0;
v000001fc22169f40 .array "core_tmt_idx", 63 0, 3 0;
v000001fc221692c0_0 .net "i_clk", 0 0, v000001fc22169680_0;  1 drivers
v000001fc22168320_0 .net "i_core_done_vec", 63 0, v000001fc22169900_0;  1 drivers
v000001fc22169400_0 .net "i_instance_num_tmt_cmt", 9 0, v000001fc22169ea0_0;  1 drivers
v000001fc22168a00_0 .net "i_rst_n", 0 0, v000001fc22169720_0;  1 drivers
v000001fc221697c0_0 .net "i_task_id_tmt_cmt", 9 0, v000001fc22168b40_0;  1 drivers
v000001fc22168640_0 .net "i_tmt_cmt_ack", 0 0, v000001fc22169860_0;  1 drivers
v000001fc22169b80_0 .net "i_tmt_idx_tmt_cmt", 3 0, v000001fc22168aa0_0;  1 drivers
v000001fc22169a40_0 .var "idle_core_id_comb", 5 0;
v000001fc22168140_0 .var "idle_valid_comb", 0 0;
v000001fc22168dc0_0 .var/i "k", 31 0;
v000001fc22168be0_0 .net "lowest_done_bit", 63 0, L_000001fc220f3260;  1 drivers
v000001fc22169d60_0 .net "lowest_idle_bit", 63 0, L_000001fc220f2bd0;  1 drivers
v000001fc22169180_0 .net "o_ava_core_id", 5 0, L_000001fc220f28c0;  alias, 1 drivers
v000001fc22168500_0 .net "o_ava_core_valid", 0 0, L_000001fc220f3650;  alias, 1 drivers
v000001fc22169220_0 .var "o_core_id_cmt_core", 5 0;
v000001fc221695e0_0 .var "o_done_ack", 0 0;
v000001fc22169cc0_0 .var "o_err", 1 0;
v000001fc22169360_0 .var "o_task_done_pulse", 0 0;
v000001fc221694a0_0 .var "o_terminated_tmt_idx", 3 0;
v000001fc22169c20_0 .var "term_core_id_comb", 5 0;
v000001fc22169540_0 .var "term_valid_comb", 0 0;
E_000001fc22109bf0/0 .event negedge, v000001fc22168a00_0;
E_000001fc22109bf0/1 .event posedge, v000001fc221692c0_0;
E_000001fc22109bf0 .event/or E_000001fc22109bf0/0, E_000001fc22109bf0/1;
E_000001fc22109030 .event anyedge, v000001fc22168320_0, v000001fc22168be0_0;
E_000001fc22109c30 .event anyedge, v000001fc220f9370_0, v000001fc22169d60_0;
L_000001fc22168280 .arith/sum 64, L_000001fc220f2e00, L_000001fc22180088;
L_000001fc22169040 .arith/sum 64, L_000001fc220f2ee0, L_000001fc221800d0;
    .scope S_000001fc220d3a70;
T_4 ;
    %wait E_000001fc22109c30;
    %load/vec4 v000001fc220f9370_0;
    %or/r;
    %store/vec4 v000001fc22168140_0, 0, 1;
    %pushi/vec4 0, 0, 6;
    %store/vec4 v000001fc22169a40_0, 0, 6;
    %load/vec4 v000001fc22169d60_0;
    %pushi/vec4 2863311530, 0, 32;
    %concati/vec4 2863311530, 0, 32;
    %and;
    %or/r;
    %ix/load 4, 0, 0;
    %flag_set/imm 4, 0;
    %store/vec4 v000001fc22169a40_0, 4, 1;
    %load/vec4 v000001fc22169d60_0;
    %pushi/vec4 3435973836, 0, 32;
    %concati/vec4 3435973836, 0, 32;
    %and;
    %or/r;
    %ix/load 4, 1, 0;
    %flag_set/imm 4, 0;
    %store/vec4 v000001fc22169a40_0, 4, 1;
    %load/vec4 v000001fc22169d60_0;
    %pushi/vec4 4042322160, 0, 32;
    %concati/vec4 4042322160, 0, 32;
    %and;
    %or/r;
    %ix/load 4, 2, 0;
    %flag_set/imm 4, 0;
    %store/vec4 v000001fc22169a40_0, 4, 1;
    %load/vec4 v000001fc22169d60_0;
    %pushi/vec4 4278255360, 0, 32;
    %concati/vec4 4278255360, 0, 32;
    %and;
    %or/r;
    %ix/load 4, 3, 0;
    %flag_set/imm 4, 0;
    %store/vec4 v000001fc22169a40_0, 4, 1;
    %load/vec4 v000001fc22169d60_0;
    %pushi/vec4 4294901760, 0, 32;
    %concati/vec4 4294901760, 0, 32;
    %and;
    %or/r;
    %ix/load 4, 4, 0;
    %flag_set/imm 4, 0;
    %store/vec4 v000001fc22169a40_0, 4, 1;
    %load/vec4 v000001fc22169d60_0;
    %pushi/vec4 4294967295, 0, 32;
    %concati/vec4 0, 0, 32;
    %and;
    %or/r;
    %ix/load 4, 5, 0;
    %flag_set/imm 4, 0;
    %store/vec4 v000001fc22169a40_0, 4, 1;
    %jmp T_4;
    .thread T_4, $push;
    .scope S_000001fc220d3a70;
T_5 ;
    %wait E_000001fc22109030;
    %load/vec4 v000001fc22168320_0;
    %or/r;
    %store/vec4 v000001fc22169540_0, 0, 1;
    %pushi/vec4 0, 0, 6;
    %store/vec4 v000001fc22169c20_0, 0, 6;
    %load/vec4 v000001fc22168be0_0;
    %pushi/vec4 2863311530, 0, 32;
    %concati/vec4 2863311530, 0, 32;
    %and;
    %or/r;
    %ix/load 4, 0, 0;
    %flag_set/imm 4, 0;
    %store/vec4 v000001fc22169c20_0, 4, 1;
    %load/vec4 v000001fc22168be0_0;
    %pushi/vec4 3435973836, 0, 32;
    %concati/vec4 3435973836, 0, 32;
    %and;
    %or/r;
    %ix/load 4, 1, 0;
    %flag_set/imm 4, 0;
    %store/vec4 v000001fc22169c20_0, 4, 1;
    %load/vec4 v000001fc22168be0_0;
    %pushi/vec4 4042322160, 0, 32;
    %concati/vec4 4042322160, 0, 32;
    %and;
    %or/r;
    %ix/load 4, 2, 0;
    %flag_set/imm 4, 0;
    %store/vec4 v000001fc22169c20_0, 4, 1;
    %load/vec4 v000001fc22168be0_0;
    %pushi/vec4 4278255360, 0, 32;
    %concati/vec4 4278255360, 0, 32;
    %and;
    %or/r;
    %ix/load 4, 3, 0;
    %flag_set/imm 4, 0;
    %store/vec4 v000001fc22169c20_0, 4, 1;
    %load/vec4 v000001fc22168be0_0;
    %pushi/vec4 4294901760, 0, 32;
    %concati/vec4 4294901760, 0, 32;
    %and;
    %or/r;
    %ix/load 4, 4, 0;
    %flag_set/imm 4, 0;
    %store/vec4 v000001fc22169c20_0, 4, 1;
    %load/vec4 v000001fc22168be0_0;
    %pushi/vec4 4294967295, 0, 32;
    %concati/vec4 0, 0, 32;
    %and;
    %or/r;
    %ix/load 4, 5, 0;
    %flag_set/imm 4, 0;
    %store/vec4 v000001fc22169c20_0, 4, 1;
    %jmp T_5;
    .thread T_5, $push;
    .scope S_000001fc220d3a70;
T_6 ;
    %wait E_000001fc22109bf0;
    %load/vec4 v000001fc22168a00_0;
    %nor/r;
    %flag_set/vec4 8;
    %jmp/0xz  T_6.0, 8;
    %pushi/vec4 0, 0, 64;
    %assign/vec4 v000001fc220f9cd0_0, 0;
    %pushi/vec4 0, 0, 1;
    %assign/vec4 v000001fc22169360_0, 0;
    %pushi/vec4 0, 0, 4;
    %assign/vec4 v000001fc221694a0_0, 0;
    %pushi/vec4 0, 0, 1;
    %assign/vec4 v000001fc221695e0_0, 0;
    %pushi/vec4 0, 0, 6;
    %assign/vec4 v000001fc22169220_0, 0;
    %pushi/vec4 0, 0, 2;
    %assign/vec4 v000001fc22169cc0_0, 0;
    %pushi/vec4 0, 0, 32;
    %store/vec4 v000001fc22168dc0_0, 0, 32;
T_6.2 ;
    %load/vec4 v000001fc22168dc0_0;
    %cmpi/s 64, 0, 32;
    %jmp/0xz T_6.3, 5;
    %pushi/vec4 0, 0, 4;
    %ix/getv/s 3, v000001fc22168dc0_0;
    %ix/load 4, 0, 0; Constant delay
    %assign/vec4/a/d v000001fc22169f40, 0, 4;
    %pushi/vec4 0, 0, 10;
    %ix/getv/s 3, v000001fc22168dc0_0;
    %ix/load 4, 0, 0; Constant delay
    %assign/vec4/a/d v000001fc220f9690, 0, 4;
    %pushi/vec4 0, 0, 10;
    %ix/getv/s 3, v000001fc22168dc0_0;
    %ix/load 4, 0, 0; Constant delay
    %assign/vec4/a/d v000001fc220f9730, 0, 4;
    %load/vec4 v000001fc22168dc0_0;
    %addi 1, 0, 32;
    %store/vec4 v000001fc22168dc0_0, 0, 32;
    %jmp T_6.2;
T_6.3 ;
    %jmp T_6.1;
T_6.0 ;
    %pushi/vec4 0, 0, 1;
    %assign/vec4 v000001fc22169360_0, 0;
    %pushi/vec4 0, 0, 1;
    %assign/vec4 v000001fc221695e0_0, 0;
    %pushi/vec4 0, 0, 2;
    %assign/vec4 v000001fc22169cc0_0, 0;
    %load/vec4 v000001fc22168640_0;
    %flag_set/vec4 9;
    %flag_get/vec4 9;
    %jmp/0 T_6.6, 9;
    %load/vec4 v000001fc22168500_0;
    %and;
T_6.6;
    %flag_set/vec4 8;
    %jmp/0xz  T_6.4, 8;
    %pushi/vec4 1, 0, 1;
    %ix/load 5, 0, 0;
    %ix/getv 4, v000001fc22169180_0;
    %assign/vec4/off/d v000001fc220f9cd0_0, 4, 5;
    %load/vec4 v000001fc22169b80_0;
    %load/vec4 v000001fc22169180_0;
    %pad/u 8;
    %ix/vec4 3;
    %ix/load 4, 0, 0; Constant delay
    %assign/vec4/a/d v000001fc22169f40, 0, 4;
    %load/vec4 v000001fc221697c0_0;
    %load/vec4 v000001fc22169180_0;
    %pad/u 8;
    %ix/vec4 3;
    %ix/load 4, 0, 0; Constant delay
    %assign/vec4/a/d v000001fc220f9690, 0, 4;
    %load/vec4 v000001fc22169400_0;
    %load/vec4 v000001fc22169180_0;
    %pad/u 8;
    %ix/vec4 3;
    %ix/load 4, 0, 0; Constant delay
    %assign/vec4/a/d v000001fc220f9730, 0, 4;
T_6.4 ;
    %load/vec4 v000001fc22169540_0;
    %flag_set/vec4 8;
    %jmp/0xz  T_6.7, 8;
    %pushi/vec4 1, 0, 1;
    %assign/vec4 v000001fc22169360_0, 0;
    %load/vec4 v000001fc22169c20_0;
    %pad/u 8;
    %ix/vec4 4;
    %load/vec4a v000001fc22169f40, 4;
    %assign/vec4 v000001fc221694a0_0, 0;
    %pushi/vec4 1, 0, 1;
    %assign/vec4 v000001fc221695e0_0, 0;
    %load/vec4 v000001fc22169c20_0;
    %assign/vec4 v000001fc22169220_0, 0;
    %pushi/vec4 0, 0, 1;
    %ix/load 5, 0, 0;
    %ix/getv 4, v000001fc22169c20_0;
    %assign/vec4/off/d v000001fc220f9cd0_0, 4, 5;
    %load/vec4 v000001fc220f9cd0_0;
    %load/vec4 v000001fc22169c20_0;
    %part/u 1;
    %nor/r;
    %flag_set/vec4 8;
    %jmp/0xz  T_6.9, 8;
    %pushi/vec4 2, 0, 2;
    %assign/vec4 v000001fc22169cc0_0, 0;
T_6.9 ;
T_6.7 ;
T_6.1 ;
    %jmp T_6;
    .thread T_6;
    .scope S_000001fc221105f0;
T_7 ;
    %pushi/vec4 0, 0, 32;
    %store/vec4 v000001fc22168780_0, 0, 32;
    %pushi/vec4 0, 0, 32;
    %store/vec4 v000001fc22168c80_0, 0, 32;
    %end;
    .thread T_7, $init;
    .scope S_000001fc221105f0;
T_8 ;
    %pushi/vec4 0, 0, 1;
    %store/vec4 v000001fc22169680_0, 0, 1;
T_8.0 ;
    %delay 5000, 0;
    %load/vec4 v000001fc22169680_0;
    %inv;
    %store/vec4 v000001fc22169680_0, 0, 1;
    %jmp T_8.0;
    %end;
    .thread T_8;
    .scope S_000001fc221105f0;
T_9 ;
    %delay 100000000, 0;
    %vpi_call/w 3 53 "$display", "\012\033[0;31m[FATAL] Watchdog Timer Expired! Simulation Hung.\033[0m" {0 0 0};
    %vpi_call/w 3 54 "$finish" {0 0 0};
    %end;
    .thread T_9;
    .scope S_000001fc221105f0;
T_10 ;
    %fork t_1, S_000001fc220c4ab0;
    %jmp t_0;
    .scope S_000001fc220c4ab0;
t_1 ;
    %vpi_call/w 3 117 "$display", "===============================================================" {0 0 0};
    %vpi_call/w 3 118 "$display", "                 STARTING CMT VERIFICATION                     " {0 0 0};
    %vpi_call/w 3 119 "$display", "===============================================================" {0 0 0};
    %fork TD_cmt_tb.reset_system, S_000001fc22113530;
    %join;
    %vpi_call/w 3 123 "$display", "\012--- [TEST 1] Sanity: Single Allocation & Termination ---" {0 0 0};
    %pushi/vec4 165, 0, 10;
    %store/vec4 v000001fc220f9d70_0, 0, 10;
    %pushi/vec4 2, 0, 4;
    %store/vec4 v000001fc220f9230_0, 0, 4;
    %pushi/vec4 1, 0, 10;
    %store/vec4 v000001fc220f9e10_0, 0, 10;
    %fork TD_cmt_tb.allocate_task, S_000001fc220fe850;
    %join;
    %load/vec4 v000001fc220f95f0_0;
    %store/vec4 v000001fc220f9550_0, 0, 6;
    %load/vec4 v000001fc220f9550_0;
    %pad/u 32;
    %cast2;
    %store/vec4 v000001fc220f9910_0, 0, 32;
    %pushi/vec4 0, 0, 32;
    %store/vec4 v000001fc220f94b0_0, 0, 32;
    %pushi/str "T1: First allocation should go to Core 0";
    %store/str v000001fc220f9050_0;
    %fork TD_cmt_tb.assert_eq, S_000001fc220fe9e0;
    %join;
    %load/vec4 v000001fc220f9550_0;
    %store/vec4 v000001fc220f90f0_0, 0, 6;
    %fork TD_cmt_tb.core_terminate, S_000001fc221133a0;
    %join;
    %wait E_000001fc22109b70;
    %load/vec4 v000001fc220f9cd0_0;
    %load/vec4 v000001fc220f9550_0;
    %part/u 1;
    %pad/u 32;
    %cast2;
    %store/vec4 v000001fc220f9910_0, 0, 32;
    %pushi/vec4 0, 0, 32;
    %store/vec4 v000001fc220f94b0_0, 0, 32;
    %pushi/str "T1: Core 0 should not be busy after termination";
    %store/str v000001fc220f9050_0;
    %fork TD_cmt_tb.assert_eq, S_000001fc220fe9e0;
    %join;
    %vpi_call/w 3 132 "$display", "\012--- [TEST 2] Multi-Instance Allocation ---" {0 0 0};
    %pushi/vec4 256, 0, 10;
    %store/vec4 v000001fc220f9d70_0, 0, 10;
    %pushi/vec4 5, 0, 4;
    %store/vec4 v000001fc220f9230_0, 0, 4;
    %pushi/vec4 0, 0, 10;
    %store/vec4 v000001fc220f9e10_0, 0, 10;
    %fork TD_cmt_tb.allocate_task, S_000001fc220fe850;
    %join;
    %load/vec4 v000001fc220f95f0_0;
    %store/vec4 v000001fc220f9550_0, 0, 6;
    %pushi/vec4 256, 0, 10;
    %store/vec4 v000001fc220f9d70_0, 0, 10;
    %pushi/vec4 5, 0, 4;
    %store/vec4 v000001fc220f9230_0, 0, 4;
    %pushi/vec4 1, 0, 10;
    %store/vec4 v000001fc220f9e10_0, 0, 10;
    %fork TD_cmt_tb.allocate_task, S_000001fc220fe850;
    %join;
    %load/vec4 v000001fc220f95f0_0;
    %store/vec4 v000001fc220f9f50_0, 0, 6;
    %pushi/vec4 256, 0, 10;
    %store/vec4 v000001fc220f9d70_0, 0, 10;
    %pushi/vec4 5, 0, 4;
    %store/vec4 v000001fc220f9230_0, 0, 4;
    %pushi/vec4 2, 0, 10;
    %store/vec4 v000001fc220f9e10_0, 0, 10;
    %fork TD_cmt_tb.allocate_task, S_000001fc220fe850;
    %join;
    %load/vec4 v000001fc220f95f0_0;
    %store/vec4 v000001fc220f9410_0, 0, 6;
    %load/vec4 v000001fc220f9550_0;
    %pad/u 32;
    %cast2;
    %store/vec4 v000001fc220f9910_0, 0, 32;
    %pushi/vec4 0, 0, 32;
    %store/vec4 v000001fc220f94b0_0, 0, 32;
    %pushi/str "T2: Core A should be 0";
    %store/str v000001fc220f9050_0;
    %fork TD_cmt_tb.assert_eq, S_000001fc220fe9e0;
    %join;
    %load/vec4 v000001fc220f9f50_0;
    %pad/u 32;
    %cast2;
    %store/vec4 v000001fc220f9910_0, 0, 32;
    %pushi/vec4 1, 0, 32;
    %store/vec4 v000001fc220f94b0_0, 0, 32;
    %pushi/str "T2: Core B should be 1";
    %store/str v000001fc220f9050_0;
    %fork TD_cmt_tb.assert_eq, S_000001fc220fe9e0;
    %join;
    %load/vec4 v000001fc220f9410_0;
    %pad/u 32;
    %cast2;
    %store/vec4 v000001fc220f9910_0, 0, 32;
    %pushi/vec4 2, 0, 32;
    %store/vec4 v000001fc220f94b0_0, 0, 32;
    %pushi/str "T2: Core C should be 2";
    %store/str v000001fc220f9050_0;
    %fork TD_cmt_tb.assert_eq, S_000001fc220fe9e0;
    %join;
    %load/vec4 v000001fc220f9410_0;
    %store/vec4 v000001fc220f90f0_0, 0, 6;
    %fork TD_cmt_tb.core_terminate, S_000001fc221133a0;
    %join;
    %load/vec4 v000001fc220f9550_0;
    %store/vec4 v000001fc220f90f0_0, 0, 6;
    %fork TD_cmt_tb.core_terminate, S_000001fc221133a0;
    %join;
    %load/vec4 v000001fc220f9f50_0;
    %store/vec4 v000001fc220f90f0_0, 0, 6;
    %fork TD_cmt_tb.core_terminate, S_000001fc221133a0;
    %join;
    %vpi_call/w 3 145 "$display", "\012--- [TEST 3] Simultaneous Terminations (Arbitration) ---" {0 0 0};
    %pushi/vec4 512, 0, 10;
    %store/vec4 v000001fc220f9d70_0, 0, 10;
    %pushi/vec4 1, 0, 4;
    %store/vec4 v000001fc220f9230_0, 0, 4;
    %pushi/vec4 0, 0, 10;
    %store/vec4 v000001fc220f9e10_0, 0, 10;
    %fork TD_cmt_tb.allocate_task, S_000001fc220fe850;
    %join;
    %load/vec4 v000001fc220f95f0_0;
    %store/vec4 v000001fc220f9550_0, 0, 6;
    %pushi/vec4 513, 0, 10;
    %store/vec4 v000001fc220f9d70_0, 0, 10;
    %pushi/vec4 2, 0, 4;
    %store/vec4 v000001fc220f9230_0, 0, 4;
    %pushi/vec4 0, 0, 10;
    %store/vec4 v000001fc220f9e10_0, 0, 10;
    %fork TD_cmt_tb.allocate_task, S_000001fc220fe850;
    %join;
    %load/vec4 v000001fc220f95f0_0;
    %store/vec4 v000001fc220f9f50_0, 0, 6;
    %pushi/vec4 514, 0, 10;
    %store/vec4 v000001fc220f9d70_0, 0, 10;
    %pushi/vec4 3, 0, 4;
    %store/vec4 v000001fc220f9230_0, 0, 4;
    %pushi/vec4 0, 0, 10;
    %store/vec4 v000001fc220f9e10_0, 0, 10;
    %fork TD_cmt_tb.allocate_task, S_000001fc220fe850;
    %join;
    %load/vec4 v000001fc220f95f0_0;
    %store/vec4 v000001fc220f9410_0, 0, 6;
    %wait E_000001fc22109b70;
    %pushi/vec4 1, 0, 1;
    %ix/getv 4, v000001fc220f9550_0;
    %store/vec4 v000001fc22169900_0, 4, 1;
    %pushi/vec4 1, 0, 1;
    %ix/getv 4, v000001fc220f9f50_0;
    %store/vec4 v000001fc22169900_0, 4, 1;
    %pushi/vec4 1, 0, 1;
    %ix/getv 4, v000001fc220f9410_0;
    %store/vec4 v000001fc22169900_0, 4, 1;
    %wait E_000001fc22109b70;
    %delay 1000, 0;
    %load/vec4 v000001fc22168820_0;
    %pad/u 32;
    %cast2;
    %store/vec4 v000001fc220f9910_0, 0, 32;
    %pushi/vec4 1, 0, 32;
    %store/vec4 v000001fc220f94b0_0, 0, 32;
    %pushi/str "T3: Expected ACK for Core 0";
    %store/str v000001fc220f9050_0;
    %fork TD_cmt_tb.assert_eq, S_000001fc220fe9e0;
    %join;
    %load/vec4 v000001fc221681e0_0;
    %pad/u 32;
    %cast2;
    %store/vec4 v000001fc220f9910_0, 0, 32;
    %load/vec4 v000001fc220f9550_0;
    %pad/u 32;
    %cast2;
    %store/vec4 v000001fc220f94b0_0, 0, 32;
    %pushi/str "T3: Core 0 should win arbitration";
    %store/str v000001fc220f9050_0;
    %fork TD_cmt_tb.assert_eq, S_000001fc220fe9e0;
    %join;
    %pushi/vec4 0, 0, 1;
    %ix/getv 4, v000001fc220f9550_0;
    %store/vec4 v000001fc22169900_0, 4, 1;
    %wait E_000001fc22109b70;
    %delay 1000, 0;
    %load/vec4 v000001fc22168820_0;
    %pad/u 32;
    %cast2;
    %store/vec4 v000001fc220f9910_0, 0, 32;
    %pushi/vec4 1, 0, 32;
    %store/vec4 v000001fc220f94b0_0, 0, 32;
    %pushi/str "T3: Expected ACK for Core 1";
    %store/str v000001fc220f9050_0;
    %fork TD_cmt_tb.assert_eq, S_000001fc220fe9e0;
    %join;
    %load/vec4 v000001fc221681e0_0;
    %pad/u 32;
    %cast2;
    %store/vec4 v000001fc220f9910_0, 0, 32;
    %load/vec4 v000001fc220f9f50_0;
    %pad/u 32;
    %cast2;
    %store/vec4 v000001fc220f94b0_0, 0, 32;
    %pushi/str "T3: Core 1 should be handled next";
    %store/str v000001fc220f9050_0;
    %fork TD_cmt_tb.assert_eq, S_000001fc220fe9e0;
    %join;
    %pushi/vec4 0, 0, 1;
    %ix/getv 4, v000001fc220f9f50_0;
    %store/vec4 v000001fc22169900_0, 4, 1;
    %wait E_000001fc22109b70;
    %delay 1000, 0;
    %load/vec4 v000001fc22168820_0;
    %pad/u 32;
    %cast2;
    %store/vec4 v000001fc220f9910_0, 0, 32;
    %pushi/vec4 1, 0, 32;
    %store/vec4 v000001fc220f94b0_0, 0, 32;
    %pushi/str "T3: Expected ACK for Core 2";
    %store/str v000001fc220f9050_0;
    %fork TD_cmt_tb.assert_eq, S_000001fc220fe9e0;
    %join;
    %load/vec4 v000001fc221681e0_0;
    %pad/u 32;
    %cast2;
    %store/vec4 v000001fc220f9910_0, 0, 32;
    %load/vec4 v000001fc220f9410_0;
    %pad/u 32;
    %cast2;
    %store/vec4 v000001fc220f94b0_0, 0, 32;
    %pushi/str "T3: Core 2 should be handled last";
    %store/str v000001fc220f9050_0;
    %fork TD_cmt_tb.assert_eq, S_000001fc220fe9e0;
    %join;
    %pushi/vec4 0, 0, 1;
    %ix/getv 4, v000001fc220f9410_0;
    %store/vec4 v000001fc22169900_0, 4, 1;
    %vpi_call/w 3 170 "$display", "\012--- [TEST 4] Saturation (All 64 Cores) ---" {0 0 0};
    %fork TD_cmt_tb.reset_system, S_000001fc22113530;
    %join;
    %fork t_3, S_000001fc2210f770;
    %jmp t_2;
    .scope S_000001fc2210f770;
t_3 ;
    %pushi/vec4 0, 0, 32;
    %store/vec4 v000001fc220f9c30_0, 0, 32;
T_10.0 ;
    %load/vec4 v000001fc220f9c30_0;
    %cmpi/s 64, 0, 32;
    %jmp/0xz T_10.1, 5;
    %fork t_5, S_000001fc22112420;
    %jmp t_4;
    .scope S_000001fc22112420;
t_5 ;
    %pushi/vec4 768, 0, 32;
    %load/vec4 v000001fc220f9c30_0;
    %add;
    %pad/u 10;
    %store/vec4 v000001fc220f9d70_0, 0, 10;
    %load/vec4 v000001fc220f9c30_0;
    %pushi/vec4 16, 0, 32;
    %mod/s;
    %pad/s 4;
    %store/vec4 v000001fc220f9230_0, 0, 4;
    %pushi/vec4 0, 0, 10;
    %store/vec4 v000001fc220f9e10_0, 0, 10;
    %fork TD_cmt_tb.allocate_task, S_000001fc220fe850;
    %join;
    %load/vec4 v000001fc220f95f0_0;
    %store/vec4 v000001fc220f9eb0_0, 0, 6;
    %end;
    .scope S_000001fc2210f770;
t_4 %join;
    ; show_stmt_assign_vector: Get l-value for compressed += operand
    %load/vec4 v000001fc220f9c30_0;
    %pushi/vec4 1, 0, 32;
    %add;
    %cast2;
    %store/vec4 v000001fc220f9c30_0, 0, 32;
    %jmp T_10.0;
T_10.1 ;
    %end;
    .scope S_000001fc220c4ab0;
t_2 %join;
    %wait E_000001fc22109b70;
    %delay 1000, 0;
    %load/vec4 v000001fc221686e0_0;
    %pad/u 32;
    %cast2;
    %store/vec4 v000001fc220f9910_0, 0, 32;
    %pushi/vec4 0, 0, 32;
    %store/vec4 v000001fc220f94b0_0, 0, 32;
    %pushi/str "T4: ava_core_valid MUST be 0 when all 64 cores are busy";
    %store/str v000001fc220f9050_0;
    %fork TD_cmt_tb.assert_eq, S_000001fc220fe9e0;
    %join;
    %load/vec4 v000001fc220f9cd0_0;
    %cast2;
    %pad/u 32;
    %store/vec4 v000001fc220f9910_0, 0, 32;
    %pushi/vec4 4294967295, 0, 32;
    %store/vec4 v000001fc220f94b0_0, 0, 32;
    %pushi/str "T4: All core_busy bits should be 1";
    %store/str v000001fc220f9050_0;
    %fork TD_cmt_tb.assert_eq, S_000001fc220fe9e0;
    %join;
    %vpi_call/w 3 182 "$display", "T4: Releasing Core 42 to check immediate availability..." {0 0 0};
    %pushi/vec4 42, 0, 6;
    %store/vec4 v000001fc220f90f0_0, 0, 6;
    %fork TD_cmt_tb.core_terminate, S_000001fc221133a0;
    %join;
    %wait E_000001fc22109b70;
    %delay 1000, 0;
    %load/vec4 v000001fc221686e0_0;
    %pad/u 32;
    %cast2;
    %store/vec4 v000001fc220f9910_0, 0, 32;
    %pushi/vec4 1, 0, 32;
    %store/vec4 v000001fc220f94b0_0, 0, 32;
    %pushi/str "T4: Core 42 released, valid should be 1";
    %store/str v000001fc220f9050_0;
    %fork TD_cmt_tb.assert_eq, S_000001fc220fe9e0;
    %join;
    %load/vec4 v000001fc22169fe0_0;
    %pad/u 32;
    %cast2;
    %store/vec4 v000001fc220f9910_0, 0, 32;
    %pushi/vec4 42, 0, 32;
    %store/vec4 v000001fc220f94b0_0, 0, 32;
    %pushi/str "T4: Core 42 should be the available core";
    %store/str v000001fc220f9050_0;
    %fork TD_cmt_tb.assert_eq, S_000001fc220fe9e0;
    %join;
    %vpi_call/w 3 189 "$display", "\012--- [TEST 5] FDIR: Invalid Termination ---" {0 0 0};
    %fork TD_cmt_tb.reset_system, S_000001fc22113530;
    %join;
    %load/vec4 v000001fc220f9cd0_0;
    %parti/s 1, 10, 5;
    %pad/u 32;
    %cast2;
    %store/vec4 v000001fc220f9910_0, 0, 32;
    %pushi/vec4 0, 0, 32;
    %store/vec4 v000001fc220f94b0_0, 0, 32;
    %pushi/str "T5: Pre-condition: Core 10 must not be busy";
    %store/str v000001fc220f9050_0;
    %fork TD_cmt_tb.assert_eq, S_000001fc220fe9e0;
    %join;
    %wait E_000001fc22109b70;
    %pushi/vec4 1, 0, 1;
    %ix/load 4, 10, 0;
    %flag_set/imm 4, 0;
    %store/vec4 v000001fc22169900_0, 4, 1;
    %wait E_000001fc22109b70;
    %delay 1000, 0;
    %load/vec4 v000001fc221690e0_0;
    %pad/u 32;
    %cast2;
    %store/vec4 v000001fc220f9910_0, 0, 32;
    %pushi/vec4 2, 0, 32;
    %store/vec4 v000001fc220f94b0_0, 0, 32;
    %pushi/str "T5: Error injected! Err should be 2'b10 (Invalid Termination ID)";
    %store/str v000001fc220f9050_0;
    %fork TD_cmt_tb.assert_eq, S_000001fc220fe9e0;
    %join;
    %pushi/vec4 0, 0, 1;
    %ix/load 4, 10, 0;
    %flag_set/imm 4, 0;
    %store/vec4 v000001fc22169900_0, 4, 1;
    %wait E_000001fc22109b70;
    %delay 1000, 0;
    %load/vec4 v000001fc221690e0_0;
    %pad/u 32;
    %cast2;
    %store/vec4 v000001fc220f9910_0, 0, 32;
    %pushi/vec4 0, 0, 32;
    %store/vec4 v000001fc220f94b0_0, 0, 32;
    %pushi/str "T5: Error should clear in the next cycle";
    %store/str v000001fc220f9050_0;
    %fork TD_cmt_tb.assert_eq, S_000001fc220fe9e0;
    %join;
    %vpi_call/w 3 203 "$display", "\012===============================================================" {0 0 0};
    %load/vec4 v000001fc22168780_0;
    %cmpi/e 0, 0, 32;
    %jmp/0xz  T_10.2, 4;
    %vpi_call/w 3 205 "$display", "\033[0;32m   VERIFICATION PASSED! \033[0m" {0 0 0};
    %vpi_call/w 3 206 "$display", "   All %0d assertions passed with flying colors.", v000001fc22168c80_0 {0 0 0};
    %jmp T_10.3;
T_10.2 ;
    %vpi_call/w 3 208 "$display", "\033[0;31m   VERIFICATION FAILED \033[0m" {0 0 0};
    %vpi_call/w 3 209 "$display", "   Found %0d errors during testing.", v000001fc22168780_0 {0 0 0};
T_10.3 ;
    %vpi_call/w 3 211 "$display", "===============================================================\012" {0 0 0};
    %vpi_call/w 3 212 "$finish" {0 0 0};
    %end;
    .scope S_000001fc221105f0;
t_0 %join;
    %end;
    .thread T_10;
# The file index is used to find the file name in the following table.
:file_names 5;
    "N/A";
    "<interactive>";
    "-";
    "tb\cmt_tb.sv";
    "tb/../src/modules/cmt.v";
