#! /c/Source/iverilog-install/bin/vvp
:ivl_version "12.0 (devel)" "(s20150603-1539-g2693dd32b)";
:ivl_delay_selection "TYPICAL";
:vpi_time_precision - 12;
:vpi_module "C:\iverilog\lib\ivl\system.vpi";
:vpi_module "C:\iverilog\lib\ivl\vhdl_sys.vpi";
:vpi_module "C:\iverilog\lib\ivl\vhdl_textio.vpi";
:vpi_module "C:\iverilog\lib\ivl\v2005_math.vpi";
:vpi_module "C:\iverilog\lib\ivl\va_math.vpi";
:vpi_module "C:\iverilog\lib\ivl\v2009.vpi";
S_000002080e312e60 .scope package, "$unit" "$unit" 2 1;
 .timescale 0 0;
S_000002080e2f2260 .scope module, "fifo_tb" "fifo_tb" 3 4;
 .timescale -9 -12;
P_000002080e2a8b00 .param/l "FIFO_DEPTH" 0 3 7, +C4<00000000000000000000000010000000>;
P_000002080e2a8b38 .param/l "FIFO_WIDTH" 0 3 8, +C4<00000000000000000000000001000000>;
v000002080e30d390_0 .var "cfg_data", 63 0;
v000002080e30d570_0 .var "cfg_en", 0 0;
v000002080e30d6b0_0 .var "clk", 0 0;
v000002080e367560_0 .net "empty", 0 0, L_000002080e3676a0;  1 drivers
v000002080e368280_0 .var/2s "error_count", 31 0;
v000002080e368320_0 .net "fifo_tmt_data", 63 0, L_000002080e309710;  1 drivers
v000002080e3686e0_0 .net "full", 0 0, L_000002080e367920;  1 drivers
v000002080e367ba0_0 .var/i "i", 31 0;
v000002080e367ce0_0 .var "rst_n", 0 0;
v000002080e3683c0_0 .var "tmt_fifo_ack", 0 0;
E_000002080e2f03c0 .event posedge, v000002080e30d4d0_0;
S_000002080e30da00 .scope module, "uut" "fifo" 3 26, 4 3 0, S_000002080e2f2260;
 .timescale -9 -12;
    .port_info 0 /INPUT 1 "i_clk";
    .port_info 1 /INPUT 1 "i_rst_n";
    .port_info 2 /INPUT 1 "i_cfg_en";
    .port_info 3 /INPUT 64 "i_cfg_data";
    .port_info 4 /OUTPUT 1 "o_full";
    .port_info 5 /INPUT 1 "i_tmt_fifo_ack";
    .port_info 6 /OUTPUT 1 "o_empty";
    .port_info 7 /OUTPUT 64 "o_fifo_tmt_data";
P_000002080e2f4c50 .param/l "FIFO_DEPTH" 0 4 4, +C4<00000000000000000000000010000000>;
P_000002080e2f4c88 .param/l "FIFO_WIDTH" 0 4 5, +C4<00000000000000000000000001000000>;
P_000002080e2f4cc0 .param/l "PTR_WIDTH" 1 4 22, +C4<00000000000000000000000000000111>;
L_000002080e309710 .functor BUFZ 64, L_000002080e3690e0, C4<0000000000000000000000000000000000000000000000000000000000000000>, C4<0000000000000000000000000000000000000000000000000000000000000000>, C4<0000000000000000000000000000000000000000000000000000000000000000>;
L_000002080e308ec0 .functor NOT 2, L_000002080e367d80, C4<00>, C4<00>, C4<00>;
v000002080e30ccb0 .array "FIFO_mem_array", 127 0, 63 0;
v000002080e30c990_0 .net *"_ivl_0", 63 0, L_000002080e3690e0;  1 drivers
v000002080e30d2f0_0 .net *"_ivl_13", 1 0, L_000002080e367d80;  1 drivers
v000002080e30c850_0 .net *"_ivl_14", 1 0, L_000002080e308ec0;  1 drivers
v000002080e30cad0_0 .net *"_ivl_17", 5 0, L_000002080e368820;  1 drivers
v000002080e30c8f0_0 .net *"_ivl_18", 7 0, L_000002080e368780;  1 drivers
v000002080e30d430_0 .net *"_ivl_3", 6 0, L_000002080e368e60;  1 drivers
v000002080e30cd50_0 .net *"_ivl_4", 8 0, L_000002080e368140;  1 drivers
L_000002080e3b0088 .functor BUFT 1, C4<00>, C4<0>, C4<0>, C4<0>;
v000002080e30ce90_0 .net *"_ivl_7", 1 0, L_000002080e3b0088;  1 drivers
v000002080e30d610_0 .net "i_cfg_data", 63 0, v000002080e30d390_0;  1 drivers
v000002080e30ca30_0 .net "i_cfg_en", 0 0, v000002080e30d570_0;  1 drivers
v000002080e30d4d0_0 .net "i_clk", 0 0, v000002080e30d6b0_0;  1 drivers
v000002080e30d1b0_0 .net "i_rst_n", 0 0, v000002080e367ce0_0;  1 drivers
v000002080e30cc10_0 .net "i_tmt_fifo_ack", 0 0, v000002080e3683c0_0;  1 drivers
v000002080e30cf30_0 .net "o_empty", 0 0, L_000002080e3676a0;  alias, 1 drivers
v000002080e30cdf0_0 .net "o_fifo_tmt_data", 63 0, L_000002080e309710;  alias, 1 drivers
v000002080e30cb70_0 .net "o_full", 0 0, L_000002080e367920;  alias, 1 drivers
v000002080e30cfd0_0 .var "rd_ptr_bin", 7 0;
v000002080e30d070_0 .var "rd_ptr_gray", 7 0;
v000002080e30d110_0 .var "wr_ptr_bin", 7 0;
v000002080e30d250_0 .var "wr_ptr_gray", 7 0;
E_000002080e2f0840/0 .event negedge, v000002080e30d1b0_0;
E_000002080e2f0840/1 .event posedge, v000002080e30d4d0_0;
E_000002080e2f0840 .event/or E_000002080e2f0840/0, E_000002080e2f0840/1;
L_000002080e3690e0 .array/port v000002080e30ccb0, L_000002080e368140;
L_000002080e368e60 .part v000002080e30cfd0_0, 0, 7;
L_000002080e368140 .concat [ 7 2 0 0], L_000002080e368e60, L_000002080e3b0088;
L_000002080e3676a0 .cmp/eq 8, v000002080e30d250_0, v000002080e30d070_0;
L_000002080e367d80 .part v000002080e30d070_0, 6, 2;
L_000002080e368820 .part v000002080e30d070_0, 0, 6;
L_000002080e368780 .concat [ 6 2 0 0], L_000002080e368820, L_000002080e308ec0;
L_000002080e367920 .cmp/eq 8, v000002080e30d250_0, L_000002080e368780;
    .scope S_000002080e30da00;
T_0 ;
    %pushi/vec4 0, 0, 8;
    %store/vec4 v000002080e30d110_0, 0, 8;
    %pushi/vec4 0, 0, 8;
    %store/vec4 v000002080e30cfd0_0, 0, 8;
    %pushi/vec4 0, 0, 8;
    %store/vec4 v000002080e30d250_0, 0, 8;
    %pushi/vec4 0, 0, 8;
    %store/vec4 v000002080e30d070_0, 0, 8;
    %end;
    .thread T_0, $init;
    .scope S_000002080e30da00;
T_1 ;
    %wait E_000002080e2f0840;
    %load/vec4 v000002080e30d1b0_0;
    %nor/r;
    %flag_set/vec4 8;
    %jmp/0xz  T_1.0, 8;
    %pushi/vec4 0, 0, 8;
    %assign/vec4 v000002080e30d110_0, 0;
    %pushi/vec4 0, 0, 8;
    %assign/vec4 v000002080e30d250_0, 0;
    %jmp T_1.1;
T_1.0 ;
    %load/vec4 v000002080e30ca30_0;
    %flag_set/vec4 9;
    %flag_get/vec4 9;
    %jmp/0 T_1.4, 9;
    %load/vec4 v000002080e30cb70_0;
    %nor/r;
    %and;
T_1.4;
    %flag_set/vec4 8;
    %jmp/0xz  T_1.2, 8;
    %load/vec4 v000002080e30d610_0;
    %load/vec4 v000002080e30d110_0;
    %parti/s 7, 0, 2;
    %pad/u 9;
    %ix/vec4 3;
    %ix/load 4, 0, 0; Constant delay
    %assign/vec4/a/d v000002080e30ccb0, 0, 4;
    %load/vec4 v000002080e30d110_0;
    %addi 1, 0, 8;
    %assign/vec4 v000002080e30d110_0, 0;
    %load/vec4 v000002080e30d110_0;
    %pad/u 32;
    %addi 1, 0, 32;
    %load/vec4 v000002080e30d110_0;
    %pad/u 32;
    %addi 1, 0, 32;
    %ix/load 4, 1, 0;
    %flag_set/imm 4, 0;
    %shiftr 4;
    %xor;
    %pad/u 8;
    %assign/vec4 v000002080e30d250_0, 0;
T_1.2 ;
T_1.1 ;
    %jmp T_1;
    .thread T_1;
    .scope S_000002080e30da00;
T_2 ;
    %wait E_000002080e2f0840;
    %load/vec4 v000002080e30d1b0_0;
    %nor/r;
    %flag_set/vec4 8;
    %jmp/0xz  T_2.0, 8;
    %pushi/vec4 0, 0, 8;
    %assign/vec4 v000002080e30cfd0_0, 0;
    %pushi/vec4 0, 0, 8;
    %assign/vec4 v000002080e30d070_0, 0;
    %jmp T_2.1;
T_2.0 ;
    %load/vec4 v000002080e30cc10_0;
    %flag_set/vec4 9;
    %flag_get/vec4 9;
    %jmp/0 T_2.4, 9;
    %load/vec4 v000002080e30cf30_0;
    %nor/r;
    %and;
T_2.4;
    %flag_set/vec4 8;
    %jmp/0xz  T_2.2, 8;
    %load/vec4 v000002080e30cfd0_0;
    %addi 1, 0, 8;
    %assign/vec4 v000002080e30cfd0_0, 0;
    %load/vec4 v000002080e30cfd0_0;
    %pad/u 32;
    %addi 1, 0, 32;
    %load/vec4 v000002080e30cfd0_0;
    %pad/u 32;
    %addi 1, 0, 32;
    %ix/load 4, 1, 0;
    %flag_set/imm 4, 0;
    %shiftr 4;
    %xor;
    %pad/u 8;
    %assign/vec4 v000002080e30d070_0, 0;
T_2.2 ;
T_2.1 ;
    %jmp T_2;
    .thread T_2;
    .scope S_000002080e2f2260;
T_3 ;
    %pushi/vec4 0, 0, 32;
    %store/vec4 v000002080e368280_0, 0, 32;
    %end;
    .thread T_3, $init;
    .scope S_000002080e2f2260;
T_4 ;
    %pushi/vec4 0, 0, 1;
    %store/vec4 v000002080e30d6b0_0, 0, 1;
T_4.0 ;
    %delay 2000, 0;
    %load/vec4 v000002080e30d6b0_0;
    %inv;
    %store/vec4 v000002080e30d6b0_0, 0, 1;
    %jmp T_4.0;
    %end;
    .thread T_4;
    .scope S_000002080e2f2260;
T_5 ;
    %pushi/vec4 0, 0, 1;
    %store/vec4 v000002080e367ce0_0, 0, 1;
    %pushi/vec4 0, 0, 1;
    %store/vec4 v000002080e30d570_0, 0, 1;
    %pushi/vec4 0, 0, 64;
    %store/vec4 v000002080e30d390_0, 0, 64;
    %pushi/vec4 0, 0, 1;
    %store/vec4 v000002080e3683c0_0, 0, 1;
    %delay 10000, 0;
    %pushi/vec4 1, 0, 1;
    %store/vec4 v000002080e367ce0_0, 0, 1;
    %delay 10000, 0;
    %vpi_call/w 3 59 "$display", "--- Start of FIFO Test ---" {0 0 0};
    %vpi_call/w 3 62 "$display", "Writing first task..." {0 0 0};
    %wait E_000002080e2f03c0;
    %pushi/vec4 2863315899, 0, 32;
    %concati/vec4 3435978205, 0, 32;
    %store/vec4 v000002080e30d390_0, 0, 64;
    %pushi/vec4 1, 0, 1;
    %store/vec4 v000002080e30d570_0, 0, 1;
    %wait E_000002080e2f03c0;
    %pushi/vec4 0, 0, 1;
    %store/vec4 v000002080e30d570_0, 0, 1;
    %delay 1000, 0;
    %load/vec4 v000002080e367560_0;
    %pad/u 32;
    %cmpi/e 0, 0, 32;
    %jmp/0xz  T_5.0, 4;
    %vpi_call/w 3 71 "$display", "PASS: FIFO is not empty after write." {0 0 0};
    %jmp T_5.1;
T_5.0 ;
    %vpi_call/w 3 72 "$display", "FAIL: FIFO is still empty." {0 0 0};
    ; show_stmt_assign_vector: Get l-value for compressed += operand
    %load/vec4 v000002080e368280_0;
    %pushi/vec4 1, 0, 32;
    %add;
    %cast2;
    %store/vec4 v000002080e368280_0, 0, 32;
T_5.1 ;
    %vpi_call/w 3 75 "$display", "Reading first task..." {0 0 0};
    %delay 1000, 0;
    %load/vec4 v000002080e368320_0;
    %pushi/vec4 2863315899, 0, 32;
    %concati/vec4 3435978205, 0, 32;
    %cmp/e;
    %jmp/0xz  T_5.2, 6;
    %vpi_call/w 3 78 "$display", "PASS: Data matched." {0 0 0};
    %jmp T_5.3;
T_5.2 ;
    %vpi_call/w 3 79 "$display", "FAIL: Data mismatch! Got %h", v000002080e368320_0 {0 0 0};
    ; show_stmt_assign_vector: Get l-value for compressed += operand
    %load/vec4 v000002080e368280_0;
    %pushi/vec4 1, 0, 32;
    %add;
    %cast2;
    %store/vec4 v000002080e368280_0, 0, 32;
T_5.3 ;
    %wait E_000002080e2f03c0;
    %pushi/vec4 1, 0, 1;
    %store/vec4 v000002080e3683c0_0, 0, 1;
    %wait E_000002080e2f03c0;
    %pushi/vec4 0, 0, 1;
    %store/vec4 v000002080e3683c0_0, 0, 1;
    %delay 1000, 0;
    %load/vec4 v000002080e367560_0;
    %pad/u 32;
    %cmpi/e 1, 0, 32;
    %jmp/0xz  T_5.4, 4;
    %vpi_call/w 3 88 "$display", "PASS: FIFO is empty after read." {0 0 0};
    %jmp T_5.5;
T_5.4 ;
    %vpi_call/w 3 89 "$display", "FAIL: FIFO is not empty." {0 0 0};
    ; show_stmt_assign_vector: Get l-value for compressed += operand
    %load/vec4 v000002080e368280_0;
    %pushi/vec4 1, 0, 32;
    %add;
    %cast2;
    %store/vec4 v000002080e368280_0, 0, 32;
T_5.5 ;
    %vpi_call/w 3 92 "$display", "Filling up the FIFO..." {0 0 0};
    %wait E_000002080e2f03c0;
    %pushi/vec4 0, 0, 32;
    %store/vec4 v000002080e367ba0_0, 0, 32;
T_5.6 ;
    %load/vec4 v000002080e367ba0_0;
    %cmpi/s 128, 0, 32;
    %jmp/0xz T_5.7, 5;
    %load/vec4 v000002080e367ba0_0;
    %pad/s 64;
    %store/vec4 v000002080e30d390_0, 0, 64;
    %pushi/vec4 1, 0, 1;
    %store/vec4 v000002080e30d570_0, 0, 1;
    %wait E_000002080e2f03c0;
    %load/vec4 v000002080e367ba0_0;
    %addi 1, 0, 32;
    %store/vec4 v000002080e367ba0_0, 0, 32;
    %jmp T_5.6;
T_5.7 ;
    %pushi/vec4 0, 0, 1;
    %store/vec4 v000002080e30d570_0, 0, 1;
    %delay 1000, 0;
    %load/vec4 v000002080e3686e0_0;
    %pad/u 32;
    %cmpi/e 1, 0, 32;
    %jmp/0xz  T_5.8, 4;
    %vpi_call/w 3 103 "$display", "PASS: FIFO 'full' flag is high." {0 0 0};
    %jmp T_5.9;
T_5.8 ;
    %vpi_call/w 3 104 "$display", "FAIL: FIFO 'full' flag is low." {0 0 0};
    ; show_stmt_assign_vector: Get l-value for compressed += operand
    %load/vec4 v000002080e368280_0;
    %pushi/vec4 1, 0, 32;
    %add;
    %cast2;
    %store/vec4 v000002080e368280_0, 0, 32;
T_5.9 ;
    %wait E_000002080e2f03c0;
    %pushi/vec4 4294967295, 0, 64;
    %store/vec4 v000002080e30d390_0, 0, 64;
    %pushi/vec4 1, 0, 1;
    %store/vec4 v000002080e30d570_0, 0, 1;
    %wait E_000002080e2f03c0;
    %pushi/vec4 0, 0, 1;
    %store/vec4 v000002080e30d570_0, 0, 1;
    %vpi_call/w 3 114 "$display", "Emptying the FIFO..." {0 0 0};
    %pushi/vec4 0, 0, 32;
    %store/vec4 v000002080e367ba0_0, 0, 32;
T_5.10 ;
    %load/vec4 v000002080e367ba0_0;
    %cmpi/s 128, 0, 32;
    %jmp/0xz T_5.11, 5;
    %wait E_000002080e2f03c0;
    %delay 1000, 0;
    %load/vec4 v000002080e368320_0;
    %load/vec4 v000002080e367ba0_0;
    %pad/u 64;
    %cmp/ne;
    %jmp/0xz  T_5.12, 6;
    %vpi_call/w 3 122 "$display", "FAIL at index %d: Got %h", v000002080e367ba0_0, v000002080e368320_0 {0 0 0};
    ; show_stmt_assign_vector: Get l-value for compressed += operand
    %load/vec4 v000002080e368280_0;
    %pushi/vec4 1, 0, 32;
    %add;
    %cast2;
    %store/vec4 v000002080e368280_0, 0, 32;
T_5.12 ;
    %pushi/vec4 1, 0, 1;
    %store/vec4 v000002080e3683c0_0, 0, 1;
    %load/vec4 v000002080e367ba0_0;
    %addi 1, 0, 32;
    %store/vec4 v000002080e367ba0_0, 0, 32;
    %jmp T_5.10;
T_5.11 ;
    %wait E_000002080e2f03c0;
    %delay 1000, 0;
    %pushi/vec4 0, 0, 1;
    %store/vec4 v000002080e3683c0_0, 0, 1;
    %delay 1000, 0;
    %load/vec4 v000002080e367560_0;
    %pad/u 32;
    %cmpi/e 1, 0, 32;
    %jmp/0xz  T_5.14, 4;
    %vpi_call/w 3 136 "$display", "PASS: FIFO correctly emptied." {0 0 0};
    %jmp T_5.15;
T_5.14 ;
    %vpi_call/w 3 137 "$display", "FAIL: FIFO not empty after full read." {0 0 0};
    ; show_stmt_assign_vector: Get l-value for compressed += operand
    %load/vec4 v000002080e368280_0;
    %pushi/vec4 1, 0, 32;
    %add;
    %cast2;
    %store/vec4 v000002080e368280_0, 0, 32;
T_5.15 ;
    %vpi_call/w 3 139 "$display", "===============================================================" {0 0 0};
    %load/vec4 v000002080e368280_0;
    %cmpi/e 0, 0, 32;
    %jmp/0xz  T_5.16, 4;
    %vpi_call/w 3 140 "$display", "   FIFO VERIFICATION PASSED WITH 0 ERRORS!" {0 0 0};
    %jmp T_5.17;
T_5.16 ;
    %vpi_call/w 3 141 "$display", "   FIFO VERIFICATION FAILED with %0d errors.", v000002080e368280_0 {0 0 0};
T_5.17 ;
    %vpi_call/w 3 142 "$display", "===============================================================" {0 0 0};
    %vpi_call/w 3 144 "$finish" {0 0 0};
    %end;
    .thread T_5;
# The file index is used to find the file name in the following table.
:file_names 5;
    "N/A";
    "<interactive>";
    "-";
    "tb\fifo_tb.sv";
    "tb/../src/modules/fifo.v";
